<?xml version="1.0" encoding="ISO-8859-1" ?>
<link_info>
   <banner>TI ARM Linker PC v20.2.7.LTS</banner>
   <copyright>Copyright (c) 1996-2018 Texas Instruments Incorporated</copyright>
   <link_time>0x670c4356</link_time>
   <link_errors>0x0</link_errors>
   <output_file>Lab1.out</output_file>
   <entry_point>
      <name>_c_int00_noargs</name>
      <address>0x8195</address>
   </entry_point>
   <input_file_list>
      <input_file id="fl-2">
         <path>.\</path>
         <kind>object</kind>
         <file>draft.obj</file>
         <name>draft.obj</name>
      </input_file>
      <input_file id="fl-3">
         <path>.\</path>
         <kind>object</kind>
         <file>main.obj</file>
         <name>main.obj</name>
      </input_file>
      <input_file id="fl-4">
         <path>.\</path>
         <kind>object</kind>
         <file>tm4c123gh6pm_startup_ccs.obj</file>
         <name>tm4c123gh6pm_startup_ccs.obj</name>
      </input_file>
      <input_file id="fl-5">
         <path>.\MCAL\ADC\</path>
         <kind>object</kind>
         <file>adc.obj</file>
         <name>adc.obj</name>
      </input_file>
      <input_file id="fl-6">
         <path>.\MCAL\BUTTONS\</path>
         <kind>object</kind>
         <file>buttons.obj</file>
         <name>buttons.obj</name>
      </input_file>
      <input_file id="fl-7">
         <path>.\MCAL\GPIO\</path>
         <kind>object</kind>
         <file>gpio.obj</file>
         <name>gpio.obj</name>
      </input_file>
      <input_file id="fl-8">
         <path>.\MCAL\GPTM\</path>
         <kind>object</kind>
         <file>GPTM.obj</file>
         <name>GPTM.obj</name>
      </input_file>
      <input_file id="fl-9">
         <path>.\MCAL\LEDS\</path>
         <kind>object</kind>
         <file>leds.obj</file>
         <name>leds.obj</name>
      </input_file>
      <input_file id="fl-a">
         <path>.\MCAL\Temperatrue Sensor\</path>
         <kind>object</kind>
         <file>lm35.obj</file>
         <name>lm35.obj</name>
      </input_file>
      <input_file id="fl-b">
         <path>.\MCAL\UART\</path>
         <kind>object</kind>
         <file>uart0.obj</file>
         <name>uart0.obj</name>
      </input_file>
      <input_file id="fl-c">
         <path>.\Source\</path>
         <kind>object</kind>
         <file>event_groups.obj</file>
         <name>event_groups.obj</name>
      </input_file>
      <input_file id="fl-d">
         <path>.\Source\</path>
         <kind>object</kind>
         <file>list.obj</file>
         <name>list.obj</name>
      </input_file>
      <input_file id="fl-e">
         <path>.\Source\</path>
         <kind>object</kind>
         <file>queue.obj</file>
         <name>queue.obj</name>
      </input_file>
      <input_file id="fl-f">
         <path>.\Source\</path>
         <kind>object</kind>
         <file>tasks.obj</file>
         <name>tasks.obj</name>
      </input_file>
      <input_file id="fl-10">
         <path>.\Source\</path>
         <kind>object</kind>
         <file>timers.obj</file>
         <name>timers.obj</name>
      </input_file>
      <input_file id="fl-11">
         <path>.\Source\portable\CCS\ARM_CM4F\</path>
         <kind>object</kind>
         <file>port.obj</file>
         <name>port.obj</name>
      </input_file>
      <input_file id="fl-12">
         <path>.\Source\portable\CCS\ARM_CM4F\</path>
         <kind>object</kind>
         <file>portasm.obj</file>
         <name>portasm.obj</name>
      </input_file>
      <input_file id="fl-13">
         <path>.\Source\portable\MemMang\</path>
         <kind>object</kind>
         <file>heap_2.obj</file>
         <name>heap_2.obj</name>
      </input_file>
      <input_file id="fl-17">
         <kind>object</kind>
         <file>&lt;internal&gt;</file>
         <name>&lt;internal&gt;</name>
      </input_file>
      <input_file id="fl-cd">
         <path>C:\ti\ccs1271\ccs\tools\compiler\ti-cgt-arm_20.2.7.LTS\lib\</path>
         <kind>archive</kind>
         <file>rtsv7M4_T_le_v4SPD16_eabi.lib</file>
         <name>sprintf.c.obj</name>
      </input_file>
      <input_file id="fl-ce">
         <path>C:\ti\ccs1271\ccs\tools\compiler\ti-cgt-arm_20.2.7.LTS\lib\</path>
         <kind>archive</kind>
         <file>rtsv7M4_T_le_v4SPD16_eabi.lib</file>
         <name>fd_div_t2.asm.obj</name>
      </input_file>
      <input_file id="fl-cf">
         <path>C:\ti\ccs1271\ccs\tools\compiler\ti-cgt-arm_20.2.7.LTS\lib\</path>
         <kind>archive</kind>
         <file>rtsv7M4_T_le_v4SPD16_eabi.lib</file>
         <name>fd_mul_t2.asm.obj</name>
      </input_file>
      <input_file id="fl-d0">
         <path>C:\ti\ccs1271\ccs\tools\compiler\ti-cgt-arm_20.2.7.LTS\lib\</path>
         <kind>archive</kind>
         <file>rtsv7M4_T_le_v4SPD16_eabi.lib</file>
         <name>fd_toi_t2.asm.obj</name>
      </input_file>
      <input_file id="fl-d1">
         <path>C:\ti\ccs1271\ccs\tools\compiler\ti-cgt-arm_20.2.7.LTS\lib\</path>
         <kind>archive</kind>
         <file>rtsv7M4_T_le_v4SPD16_eabi.lib</file>
         <name>ll_mul_t2.asm.obj</name>
      </input_file>
      <input_file id="fl-d2">
         <path>C:\ti\ccs1271\ccs\tools\compiler\ti-cgt-arm_20.2.7.LTS\lib\</path>
         <kind>archive</kind>
         <file>rtsv7M4_T_le_v4SPD16_eabi.lib</file>
         <name>memcpy_t2.asm.obj</name>
      </input_file>
      <input_file id="fl-d3">
         <path>C:\ti\ccs1271\ccs\tools\compiler\ti-cgt-arm_20.2.7.LTS\lib\</path>
         <kind>archive</kind>
         <file>rtsv7M4_T_le_v4SPD16_eabi.lib</file>
         <name>u_tofd_t2.asm.obj</name>
      </input_file>
      <input_file id="fl-d4">
         <path>C:\ti\ccs1271\ccs\tools\compiler\ti-cgt-arm_20.2.7.LTS\lib\</path>
         <kind>archive</kind>
         <file>rtsv7M4_T_le_v4SPD16_eabi.lib</file>
         <name>memset_t2.asm.obj</name>
      </input_file>
      <input_file id="fl-d5">
         <path>C:\ti\ccs1271\ccs\tools\compiler\ti-cgt-arm_20.2.7.LTS\lib\</path>
         <kind>archive</kind>
         <file>rtsv7M4_T_le_v4SPD16_eabi.lib</file>
         <name>ll_div_t2.asm.obj</name>
      </input_file>
      <input_file id="fl-d6">
         <path>C:\ti\ccs1271\ccs\tools\compiler\ti-cgt-arm_20.2.7.LTS\lib\</path>
         <kind>archive</kind>
         <file>rtsv7M4_T_le_v4SPD16_eabi.lib</file>
         <name>ull_div_t2.asm.obj</name>
      </input_file>
      <input_file id="fl-d7">
         <path>C:\ti\ccs1271\ccs\tools\compiler\ti-cgt-arm_20.2.7.LTS\lib\</path>
         <kind>archive</kind>
         <file>rtsv7M4_T_le_v4SPD16_eabi.lib</file>
         <name>copy_zero_init.c.obj</name>
      </input_file>
      <input_file id="fl-d8">
         <path>C:\ti\ccs1271\ccs\tools\compiler\ti-cgt-arm_20.2.7.LTS\lib\</path>
         <kind>archive</kind>
         <file>rtsv7M4_T_le_v4SPD16_eabi.lib</file>
         <name>copy_decompress_none.c.obj</name>
      </input_file>
      <input_file id="fl-d9">
         <path>C:\ti\ccs1271\ccs\tools\compiler\ti-cgt-arm_20.2.7.LTS\lib\</path>
         <kind>archive</kind>
         <file>rtsv7M4_T_le_v4SPD16_eabi.lib</file>
         <name>copy_decompress_lzss.c.obj</name>
      </input_file>
      <input_file id="fl-da">
         <path>C:\ti\ccs1271\ccs\tools\compiler\ti-cgt-arm_20.2.7.LTS\lib\</path>
         <kind>archive</kind>
         <file>rtsv7M4_T_le_v4SPD16_eabi.lib</file>
         <name>strcpy.c.obj</name>
      </input_file>
      <input_file id="fl-db">
         <path>C:\ti\ccs1271\ccs\tools\compiler\ti-cgt-arm_20.2.7.LTS\lib\</path>
         <kind>archive</kind>
         <file>rtsv7M4_T_le_v4SPD16_eabi.lib</file>
         <name>strlen.c.obj</name>
      </input_file>
      <input_file id="fl-dc">
         <path>C:\ti\ccs1271\ccs\tools\compiler\ti-cgt-arm_20.2.7.LTS\lib\</path>
         <kind>archive</kind>
         <file>rtsv7M4_T_le_v4SPD16_eabi.lib</file>
         <name>boot_cortex_m.c.obj</name>
      </input_file>
      <input_file id="fl-dd">
         <path>C:\ti\ccs1271\ccs\tools\compiler\ti-cgt-arm_20.2.7.LTS\lib\</path>
         <kind>archive</kind>
         <file>rtsv7M4_T_le_v4SPD16_eabi.lib</file>
         <name>_printfi.c.obj</name>
      </input_file>
      <input_file id="fl-de">
         <path>C:\ti\ccs1271\ccs\tools\compiler\ti-cgt-arm_20.2.7.LTS\lib\</path>
         <kind>archive</kind>
         <file>rtsv7M4_T_le_v4SPD16_eabi.lib</file>
         <name>div0.asm.obj</name>
      </input_file>
      <input_file id="fl-df">
         <path>C:\ti\ccs1271\ccs\tools\compiler\ti-cgt-arm_20.2.7.LTS\lib\</path>
         <kind>archive</kind>
         <file>rtsv7M4_T_le_v4SPD16_eabi.lib</file>
         <name>fd_add_t2.asm.obj</name>
      </input_file>
      <input_file id="fl-e0">
         <path>C:\ti\ccs1271\ccs\tools\compiler\ti-cgt-arm_20.2.7.LTS\lib\</path>
         <kind>archive</kind>
         <file>rtsv7M4_T_le_v4SPD16_eabi.lib</file>
         <name>fd_cmp_t2.asm.obj</name>
      </input_file>
      <input_file id="fl-e1">
         <path>C:\ti\ccs1271\ccs\tools\compiler\ti-cgt-arm_20.2.7.LTS\lib\</path>
         <kind>archive</kind>
         <file>rtsv7M4_T_le_v4SPD16_eabi.lib</file>
         <name>i_tofd_t2.asm.obj</name>
      </input_file>
      <input_file id="fl-e2">
         <path>C:\ti\ccs1271\ccs\tools\compiler\ti-cgt-arm_20.2.7.LTS\lib\</path>
         <kind>archive</kind>
         <file>rtsv7M4_T_le_v4SPD16_eabi.lib</file>
         <name>autoinit.c.obj</name>
      </input_file>
      <input_file id="fl-e3">
         <path>C:\ti\ccs1271\ccs\tools\compiler\ti-cgt-arm_20.2.7.LTS\lib\</path>
         <kind>archive</kind>
         <file>rtsv7M4_T_le_v4SPD16_eabi.lib</file>
         <name>pre_init.c.obj</name>
      </input_file>
      <input_file id="fl-e4">
         <path>C:\ti\ccs1271\ccs\tools\compiler\ti-cgt-arm_20.2.7.LTS\lib\</path>
         <kind>archive</kind>
         <file>rtsv7M4_T_le_v4SPD16_eabi.lib</file>
         <name>cpy_tbl.c.obj</name>
      </input_file>
      <input_file id="fl-e5">
         <path>C:\ti\ccs1271\ccs\tools\compiler\ti-cgt-arm_20.2.7.LTS\lib\</path>
         <kind>archive</kind>
         <file>rtsv7M4_T_le_v4SPD16_eabi.lib</file>
         <name>exit.c.obj</name>
      </input_file>
      <input_file id="fl-e6">
         <path>C:\ti\ccs1271\ccs\tools\compiler\ti-cgt-arm_20.2.7.LTS\lib\</path>
         <kind>archive</kind>
         <file>rtsv7M4_T_le_v4SPD16_eabi.lib</file>
         <name>_lock.c.obj</name>
      </input_file>
      <input_file id="fl-e7">
         <path>C:\ti\ccs1271\ccs\tools\compiler\ti-cgt-arm_20.2.7.LTS\lib\</path>
         <kind>archive</kind>
         <file>rtsv7M4_T_le_v4SPD16_eabi.lib</file>
         <name>_ltoa.c.obj</name>
      </input_file>
      <input_file id="fl-e8">
         <path>C:\ti\ccs1271\ccs\tools\compiler\ti-cgt-arm_20.2.7.LTS\lib\</path>
         <kind>archive</kind>
         <file>rtsv7M4_T_le_v4SPD16_eabi.lib</file>
         <name>args_main.c.obj</name>
      </input_file>
      <input_file id="fl-e9">
         <path>C:\ti\ccs1271\ccs\tools\compiler\ti-cgt-arm_20.2.7.LTS\lib\</path>
         <kind>archive</kind>
         <file>rtsv7M4_T_le_v4SPD16_eabi.lib</file>
         <name>atoi.c.obj</name>
      </input_file>
      <input_file id="fl-ea">
         <path>C:\ti\ccs1271\ccs\tools\compiler\ti-cgt-arm_20.2.7.LTS\lib\</path>
         <kind>archive</kind>
         <file>rtsv7M4_T_le_v4SPD16_eabi.lib</file>
         <name>ctype.c.obj</name>
      </input_file>
      <input_file id="fl-eb">
         <path>C:\ti\ccs1271\ccs\tools\compiler\ti-cgt-arm_20.2.7.LTS\lib\</path>
         <kind>archive</kind>
         <file>rtsv7M4_T_le_v4SPD16_eabi.lib</file>
         <name>memccpy.c.obj</name>
      </input_file>
      <input_file id="fl-ec">
         <path>C:\ti\ccs1271\ccs\tools\compiler\ti-cgt-arm_20.2.7.LTS\lib\</path>
         <kind>archive</kind>
         <file>rtsv7M4_T_le_v4SPD16_eabi.lib</file>
         <name>strchr.c.obj</name>
      </input_file>
      <input_file id="fl-ed">
         <path>C:\ti\ccs1271\ccs\tools\compiler\ti-cgt-arm_20.2.7.LTS\lib\</path>
         <kind>archive</kind>
         <file>rtsv7M4_T_le_v4SPD16_eabi.lib</file>
         <name>errno.c.obj</name>
      </input_file>
      <input_file id="fl-ee">
         <path>C:\ti\ccs1271\ccs\tools\compiler\ti-cgt-arm_20.2.7.LTS\lib\</path>
         <kind>archive</kind>
         <file>rtsv7M4_T_le_v4SPD16_eabi.lib</file>
         <name>wcslen.c.obj</name>
      </input_file>
      <input_file id="fl-ef">
         <path>C:\ti\ccs1271\ccs\tools\compiler\ti-cgt-arm_20.2.7.LTS\lib\</path>
         <kind>archive</kind>
         <file>rtsv7M4_T_le_v4SPD16_eabi.lib</file>
         <name>s_frexp.c.obj</name>
      </input_file>
      <input_file id="fl-f0">
         <path>C:\ti\ccs1271\ccs\tools\compiler\ti-cgt-arm_20.2.7.LTS\lib\</path>
         <kind>archive</kind>
         <file>rtsv7M4_T_le_v4SPD16_eabi.lib</file>
         <name>s_scalbn.c.obj</name>
      </input_file>
      <input_file id="fl-f1">
         <path>C:\ti\ccs1271\ccs\tools\compiler\ti-cgt-arm_20.2.7.LTS\lib\</path>
         <kind>archive</kind>
         <file>rtsv7M4_T_le_v4SPD16_eabi.lib</file>
         <name>s_copysign.c.obj</name>
      </input_file>
   </input_file_list>
   <object_component_list>
      <object_component id="oc-12">
         <name>.intvecs</name>
         <load_address>0x0</load_address>
         <run_address>0x0</run_address>
         <size>0x26c</size>
         <input_file_ref idref="fl-4"/>
      </object_component>
      <object_component id="oc-85">
         <name>.text</name>
         <load_address>0x26c</load_address>
         <run_address>0x26c</run_address>
         <size>0x27b0</size>
         <input_file_ref idref="fl-f"/>
      </object_component>
      <object_component id="oc-a5">
         <name>.text</name>
         <load_address>0x2a1c</load_address>
         <run_address>0x2a1c</run_address>
         <size>0x1046</size>
         <input_file_ref idref="fl-e"/>
      </object_component>
      <object_component id="oc-293">
         <name>.text</name>
         <load_address>0x3a62</load_address>
         <run_address>0x3a62</run_address>
         <size>0x2</size>
         <input_file_ref idref="fl-de"/>
      </object_component>
      <object_component id="oc-38">
         <name>.text</name>
         <load_address>0x3a64</load_address>
         <run_address>0x3a64</run_address>
         <size>0xf58</size>
         <input_file_ref idref="fl-3"/>
      </object_component>
      <object_component id="oc-26c">
         <name>.text:__TI_printfi</name>
         <load_address>0x49bc</load_address>
         <run_address>0x49bc</run_address>
         <size>0xa4e</size>
         <input_file_ref idref="fl-dd"/>
      </object_component>
      <object_component id="oc-149">
         <name>.text</name>
         <load_address>0x540c</load_address>
         <run_address>0x540c</run_address>
         <size>0x7dc</size>
         <input_file_ref idref="fl-10"/>
      </object_component>
      <object_component id="oc-ab">
         <name>.text</name>
         <load_address>0x5be8</load_address>
         <run_address>0x5be8</run_address>
         <size>0x570</size>
         <input_file_ref idref="fl-c"/>
      </object_component>
      <object_component id="oc-32">
         <name>.text</name>
         <load_address>0x6158</load_address>
         <run_address>0x6158</run_address>
         <size>0x2b4</size>
         <input_file_ref idref="fl-11"/>
      </object_component>
      <object_component id="oc-131">
         <name>.text</name>
         <load_address>0x640c</load_address>
         <run_address>0x640c</run_address>
         <size>0x28c</size>
         <input_file_ref idref="fl-13"/>
      </object_component>
      <object_component id="oc-306">
         <name>.text:_pconv_a</name>
         <load_address>0x6698</load_address>
         <run_address>0x6698</run_address>
         <size>0x270</size>
         <input_file_ref idref="fl-dd"/>
      </object_component>
      <object_component id="oc-bd">
         <name>.text</name>
         <load_address>0x6908</load_address>
         <run_address>0x6908</run_address>
         <size>0x1dc</size>
         <input_file_ref idref="fl-7"/>
      </object_component>
      <object_component id="oc-2f4">
         <name>.text:_pconv_g</name>
         <load_address>0x6ae4</load_address>
         <run_address>0x6ae4</run_address>
         <size>0x1d0</size>
         <input_file_ref idref="fl-dd"/>
      </object_component>
      <object_component id="oc-b1">
         <name>.text</name>
         <load_address>0x6cb4</load_address>
         <run_address>0x6cb4</run_address>
         <size>0x1c8</size>
         <input_file_ref idref="fl-b"/>
      </object_component>
      <object_component id="oc-368">
         <name>.text</name>
         <load_address>0x6e7c</load_address>
         <run_address>0x6e7c</run_address>
         <size>0x1b6</size>
         <input_file_ref idref="fl-df"/>
      </object_component>
      <object_component id="oc-b7">
         <name>.text</name>
         <load_address>0x7034</load_address>
         <run_address>0x7034</run_address>
         <size>0x1ac</size>
         <input_file_ref idref="fl-5"/>
      </object_component>
      <object_component id="oc-300">
         <name>.text:_pconv_e</name>
         <load_address>0x71e0</load_address>
         <run_address>0x71e0</run_address>
         <size>0x13c</size>
         <input_file_ref idref="fl-dd"/>
      </object_component>
      <object_component id="oc-1c4">
         <name>.text</name>
         <load_address>0x731c</load_address>
         <run_address>0x731c</run_address>
         <size>0x136</size>
         <input_file_ref idref="fl-ce"/>
      </object_component>
      <object_component id="oc-137">
         <name>.text</name>
         <load_address>0x7452</load_address>
         <run_address>0x7452</run_address>
         <size>0x12a</size>
         <input_file_ref idref="fl-d"/>
      </object_component>
      <object_component id="oc-37a">
         <name>.text:fcvt</name>
         <load_address>0x757c</load_address>
         <run_address>0x757c</run_address>
         <size>0x124</size>
         <input_file_ref idref="fl-dd"/>
      </object_component>
      <object_component id="oc-38e">
         <name>.text:scalbn</name>
         <load_address>0x76a0</load_address>
         <run_address>0x76a0</run_address>
         <size>0x110</size>
         <input_file_ref idref="fl-f0"/>
      </object_component>
      <object_component id="oc-1bf">
         <name>.text</name>
         <load_address>0x77b0</load_address>
         <run_address>0x77b0</run_address>
         <size>0xfc</size>
         <input_file_ref idref="fl-cf"/>
      </object_component>
      <object_component id="oc-2d">
         <name>.text</name>
         <load_address>0x78ac</load_address>
         <run_address>0x78ac</run_address>
         <size>0xda</size>
         <input_file_ref idref="fl-12"/>
      </object_component>
      <object_component id="oc-2e9">
         <name>.text:_ltostr</name>
         <load_address>0x7988</load_address>
         <run_address>0x7988</run_address>
         <size>0xb1</size>
         <input_file_ref idref="fl-dd"/>
      </object_component>
      <object_component id="oc-4c">
         <name>.text</name>
         <load_address>0x7a3a</load_address>
         <run_address>0x7a3a</run_address>
         <size>0x9c</size>
         <input_file_ref idref="fl-d2"/>
      </object_component>
      <object_component id="oc-298">
         <name>.text</name>
         <load_address>0x7ad6</load_address>
         <run_address>0x7ad6</run_address>
         <size>0x96</size>
         <input_file_ref idref="fl-d6"/>
      </object_component>
      <object_component id="oc-2ef">
         <name>.text:__aeabi_cdcmple</name>
         <load_address>0x7b6c</load_address>
         <run_address>0x7b6c</run_address>
         <size>0x86</size>
         <input_file_ref idref="fl-e0"/>
      </object_component>
      <object_component id="oc-358">
         <name>.text:__aeabi_cdrcmple</name>
         <load_address>0x7bf2</load_address>
         <run_address>0x7bf2</run_address>
         <size>0x86</size>
         <input_file_ref idref="fl-e0"/>
      </object_component>
      <object_component id="oc-10f">
         <name>.text</name>
         <load_address>0x7c78</load_address>
         <run_address>0x7c78</run_address>
         <size>0x7a</size>
         <input_file_ref idref="fl-d4"/>
      </object_component>
      <object_component id="oc-373">
         <name>.text:_mcpy</name>
         <load_address>0x7cf2</load_address>
         <run_address>0x7cf2</run_address>
         <size>0x6e</size>
         <input_file_ref idref="fl-dd"/>
      </object_component>
      <object_component id="oc-19f">
         <name>.text</name>
         <load_address>0x7d60</load_address>
         <run_address>0x7d60</run_address>
         <size>0x6e</size>
         <input_file_ref idref="fl-d5"/>
      </object_component>
      <object_component id="oc-15">
         <name>.text:decompress:lzss:__TI_decompress_lzss</name>
         <load_address>0x7dce</load_address>
         <run_address>0x7dce</run_address>
         <size>0x68</size>
         <input_file_ref idref="fl-d9"/>
      </object_component>
      <object_component id="oc-388">
         <name>.text:frexp</name>
         <load_address>0x7e38</load_address>
         <run_address>0x7e38</run_address>
         <size>0x64</size>
         <input_file_ref idref="fl-ef"/>
      </object_component>
      <object_component id="oc-2fa">
         <name>.text:_pconv_f</name>
         <load_address>0x7e9c</load_address>
         <run_address>0x7e9c</run_address>
         <size>0x56</size>
         <input_file_ref idref="fl-dd"/>
      </object_component>
      <object_component id="oc-c3">
         <name>.text</name>
         <load_address>0x7ef4</load_address>
         <run_address>0x7ef4</run_address>
         <size>0x54</size>
         <input_file_ref idref="fl-8"/>
      </object_component>
      <object_component id="oc-35d">
         <name>.text:__TI_ltoa</name>
         <load_address>0x7f48</load_address>
         <run_address>0x7f48</run_address>
         <size>0x54</size>
         <input_file_ref idref="fl-e7"/>
      </object_component>
      <object_component id="oc-36d">
         <name>.text:_ecpy</name>
         <load_address>0x7f9c</load_address>
         <run_address>0x7f9c</run_address>
         <size>0x52</size>
         <input_file_ref idref="fl-dd"/>
      </object_component>
      <object_component id="oc-2e3">
         <name>.text:atoi</name>
         <load_address>0x7ff0</load_address>
         <run_address>0x7ff0</run_address>
         <size>0x4c</size>
         <input_file_ref idref="fl-e9"/>
      </object_component>
      <object_component id="oc-df">
         <name>.text</name>
         <load_address>0x803c</load_address>
         <run_address>0x803c</run_address>
         <size>0x4c</size>
         <input_file_ref idref="fl-a"/>
      </object_component>
      <object_component id="oc-1c9">
         <name>.text</name>
         <load_address>0x8088</load_address>
         <run_address>0x8088</run_address>
         <size>0x48</size>
         <input_file_ref idref="fl-d0"/>
      </object_component>
      <object_component id="oc-1ed">
         <name>.text:__TI_auto_init_nobinit_nopinit:__TI_auto_init_nobinit_nopinit</name>
         <load_address>0x80d0</load_address>
         <run_address>0x80d0</run_address>
         <size>0x44</size>
         <input_file_ref idref="fl-e2"/>
      </object_component>
      <object_component id="oc-167">
         <name>.text:sprintf</name>
         <load_address>0x8114</load_address>
         <run_address>0x8114</run_address>
         <size>0x40</size>
         <input_file_ref idref="fl-cd"/>
      </object_component>
      <object_component id="oc-380">
         <name>.text:_fcpy</name>
         <load_address>0x8154</load_address>
         <run_address>0x8154</run_address>
         <size>0x3e</size>
         <input_file_ref idref="fl-dd"/>
      </object_component>
      <object_component id="oc-6a">
         <name>.text:_c_int00_noargs:_c_int00_noargs</name>
         <load_address>0x8194</load_address>
         <run_address>0x8194</run_address>
         <size>0x34</size>
         <input_file_ref idref="fl-dc"/>
      </object_component>
      <object_component id="oc-363">
         <name>.text</name>
         <load_address>0x81c8</load_address>
         <run_address>0x81c8</run_address>
         <size>0x2e</size>
         <input_file_ref idref="fl-e1"/>
      </object_component>
      <object_component id="oc-1ba">
         <name>.text</name>
         <load_address>0x81f6</load_address>
         <run_address>0x81f6</run_address>
         <size>0x20</size>
         <input_file_ref idref="fl-d3"/>
      </object_component>
      <object_component id="oc-30c">
         <name>.text:memccpy</name>
         <load_address>0x8216</load_address>
         <run_address>0x8216</run_address>
         <size>0x1c</size>
         <input_file_ref idref="fl-eb"/>
      </object_component>
      <object_component id="oc-3de">
         <name>.text:copysign</name>
         <load_address>0x8232</load_address>
         <run_address>0x8232</run_address>
         <size>0x1a</size>
         <input_file_ref idref="fl-f1"/>
      </object_component>
      <object_component id="oc-272">
         <name>.text:_outs</name>
         <load_address>0x824c</load_address>
         <run_address>0x824c</run_address>
         <size>0x18</size>
         <input_file_ref idref="fl-cd"/>
      </object_component>
      <object_component id="oc-a0">
         <name>.text</name>
         <load_address>0x8264</load_address>
         <run_address>0x8264</run_address>
         <size>0x18</size>
         <input_file_ref idref="fl-d1"/>
      </object_component>
      <object_component id="oc-394">
         <name>.text:strchr</name>
         <load_address>0x827c</load_address>
         <run_address>0x827c</run_address>
         <size>0x16</size>
         <input_file_ref idref="fl-ec"/>
      </object_component>
      <object_component id="oc-15b">
         <name>.text:strcpy</name>
         <load_address>0x8292</load_address>
         <run_address>0x8292</run_address>
         <size>0x14</size>
         <input_file_ref idref="fl-da"/>
      </object_component>
      <object_component id="oc-161">
         <name>.text:strlen</name>
         <load_address>0x82a6</load_address>
         <run_address>0x82a6</run_address>
         <size>0x14</size>
         <input_file_ref idref="fl-db"/>
      </object_component>
      <object_component id="oc-312">
         <name>.text:wcslen</name>
         <load_address>0x82ba</load_address>
         <run_address>0x82ba</run_address>
         <size>0x12</size>
         <input_file_ref idref="fl-ee"/>
      </object_component>
      <object_component id="oc-1b">
         <name>.text:decompress:none:__TI_decompress_none</name>
         <load_address>0x82cc</load_address>
         <run_address>0x82cc</run_address>
         <size>0xe</size>
         <input_file_ref idref="fl-d8"/>
      </object_component>
      <object_component id="oc-5e">
         <name>.text:decompress:ZI:__TI_zero_init</name>
         <load_address>0x82da</load_address>
         <run_address>0x82da</run_address>
         <size>0xc</size>
         <input_file_ref idref="fl-d7"/>
      </object_component>
      <object_component id="oc-27">
         <name>.text</name>
         <load_address>0x82e6</load_address>
         <run_address>0x82e6</run_address>
         <size>0xc</size>
         <input_file_ref idref="fl-4"/>
      </object_component>
      <object_component id="oc-278">
         <name>.text:_outc</name>
         <load_address>0x82f2</load_address>
         <run_address>0x82f2</run_address>
         <size>0xa</size>
         <input_file_ref idref="fl-cd"/>
      </object_component>
      <object_component id="oc-318">
         <name>.text:__aeabi_errno_addr</name>
         <load_address>0x82fc</load_address>
         <run_address>0x82fc</run_address>
         <size>0x8</size>
         <input_file_ref idref="fl-ed"/>
      </object_component>
      <object_component id="oc-115">
         <name>.text:_system_pre_init</name>
         <load_address>0x8304</load_address>
         <run_address>0x8304</run_address>
         <size>0x4</size>
         <input_file_ref idref="fl-e3"/>
      </object_component>
      <object_component id="oc-1e1">
         <name>.text:abort:abort</name>
         <load_address>0x8308</load_address>
         <run_address>0x8308</run_address>
         <size>0x4</size>
         <input_file_ref idref="fl-e5"/>
      </object_component>
      <object_component id="oc-351">
         <name>.const:.string:_ctypes_</name>
         <load_address>0x830c</load_address>
         <run_address>0x830c</run_address>
         <size>0x101</size>
         <input_file_ref idref="fl-ea"/>
      </object_component>
      <object_component id="oc-82">
         <name>.const</name>
         <load_address>0x8410</load_address>
         <run_address>0x8410</run_address>
         <size>0x8</size>
         <input_file_ref idref="fl-11"/>
      </object_component>
      <object_component id="oc-152">
         <name>.const</name>
         <load_address>0x8418</load_address>
         <run_address>0x8418</run_address>
         <size>0x4</size>
         <input_file_ref idref="fl-f"/>
      </object_component>
      <object_component id="oc-435">
         <name>.cinit..data.load</name>
         <load_address>0x8420</load_address>
         <run_address>0x8420</run_address>
         <size>0x16</size>
      </object_component>
      <object_component id="oc-433">
         <name>__TI_handler_table</name>
         <load_address>0x8438</load_address>
         <run_address>0x8438</run_address>
         <size>0xc</size>
      </object_component>
      <object_component id="oc-436">
         <name>.cinit..bss.load</name>
         <load_address>0x8448</load_address>
         <run_address>0x8448</run_address>
         <size>0x8</size>
      </object_component>
      <object_component id="oc-434">
         <name>__TI_cinit_table</name>
         <load_address>0x8450</load_address>
         <run_address>0x8450</run_address>
         <size>0x10</size>
      </object_component>
      <object_component id="oc-e5">
         <name>.data</name>
         <load_address>0x20004388</load_address>
         <run_address>0x20004388</run_address>
         <size>0x48</size>
         <input_file_ref idref="fl-3"/>
      </object_component>
      <object_component id="oc-7f">
         <name>.data</name>
         <load_address>0x200043d0</load_address>
         <run_address>0x200043d0</run_address>
         <size>0x3c</size>
         <input_file_ref idref="fl-f"/>
      </object_component>
      <object_component id="oc-248">
         <name>.data</name>
         <load_address>0x20004418</load_address>
         <run_address>0x20004418</run_address>
         <size>0xc</size>
         <input_file_ref idref="fl-10"/>
      </object_component>
      <object_component id="oc-8c">
         <name>.data</name>
         <load_address>0x2000440c</load_address>
         <run_address>0x2000440c</run_address>
         <size>0xc</size>
         <input_file_ref idref="fl-11"/>
      </object_component>
      <object_component id="oc-230">
         <name>.data</name>
         <load_address>0x20004424</load_address>
         <run_address>0x20004424</run_address>
         <size>0x8</size>
         <input_file_ref idref="fl-13"/>
      </object_component>
      <object_component id="oc-3a4">
         <name>.data</name>
         <load_address>0x2000442c</load_address>
         <run_address>0x2000442c</run_address>
         <size>0x4</size>
         <input_file_ref idref="fl-ed"/>
      </object_component>
      <object_component id="oc-13d">
         <name>.bss:pxReadyTasksLists</name>
         <uninitialized>true</uninitialized>
         <run_address>0x20004000</run_address>
         <size>0x8c</size>
         <input_file_ref idref="fl-f"/>
      </object_component>
      <object_component id="oc-155">
         <name>.bss:xDelayedTaskList1</name>
         <uninitialized>true</uninitialized>
         <run_address>0x200040b4</run_address>
         <size>0x14</size>
         <input_file_ref idref="fl-f"/>
      </object_component>
      <object_component id="oc-158">
         <name>.bss:xDelayedTaskList2</name>
         <uninitialized>true</uninitialized>
         <run_address>0x200040c8</run_address>
         <size>0x14</size>
         <input_file_ref idref="fl-f"/>
      </object_component>
      <object_component id="oc-143">
         <name>.bss</name>
         <uninitialized>true</uninitialized>
         <run_address>0x20004118</run_address>
         <size>0x8</size>
         <input_file_ref idref="fl-f"/>
      </object_component>
      <object_component id="oc-14f">
         <name>.bss:xPendingReadyList</name>
         <uninitialized>true</uninitialized>
         <run_address>0x200040dc</run_address>
         <size>0x14</size>
         <input_file_ref idref="fl-f"/>
      </object_component>
      <object_component id="oc-140">
         <name>.bss:xTasksWaitingTermination</name>
         <uninitialized>true</uninitialized>
         <run_address>0x20004104</run_address>
         <size>0x14</size>
         <input_file_ref idref="fl-f"/>
      </object_component>
      <object_component id="oc-146">
         <name>.bss:xSuspendedTaskList</name>
         <uninitialized>true</uninitialized>
         <run_address>0x200040f0</run_address>
         <size>0x14</size>
         <input_file_ref idref="fl-f"/>
      </object_component>
      <object_component id="oc-24e">
         <name>.bss:xActiveTimerList1</name>
         <uninitialized>true</uninitialized>
         <run_address>0x2000408c</run_address>
         <size>0x14</size>
         <input_file_ref idref="fl-10"/>
      </object_component>
      <object_component id="oc-251">
         <name>.bss:xActiveTimerList2</name>
         <uninitialized>true</uninitialized>
         <run_address>0x200040a0</run_address>
         <size>0x14</size>
         <input_file_ref idref="fl-10"/>
      </object_component>
      <object_component id="oc-24b">
         <name>.bss</name>
         <uninitialized>true</uninitialized>
         <run_address>0x20004120</run_address>
         <size>0x8</size>
         <input_file_ref idref="fl-10"/>
      </object_component>
      <object_component id="oc-239">
         <name>.bss:ucHeap</name>
         <uninitialized>true</uninitialized>
         <run_address>0x20000000</run_address>
         <size>0x4000</size>
         <input_file_ref idref="fl-13"/>
      </object_component>
      <object_component id="oc-233">
         <name>.bss:xStart</name>
         <uninitialized>true</uninitialized>
         <run_address>0x20004130</run_address>
         <size>0x8</size>
         <input_file_ref idref="fl-13"/>
      </object_component>
      <object_component id="oc-236">
         <name>.bss:xEnd</name>
         <uninitialized>true</uninitialized>
         <run_address>0x20004128</run_address>
         <size>0x8</size>
         <input_file_ref idref="fl-13"/>
      </object_component>
      <object_component id="oc-d8">
         <name>.common:xvButtonControlTask</name>
         <uninitialized>true</uninitialized>
         <run_address>0x2000416c</run_address>
         <size>0x4</size>
      </object_component>
      <object_component id="oc-d9">
         <name>.common:xvTemperatureSensingTask</name>
         <uninitialized>true</uninitialized>
         <run_address>0x20004184</run_address>
         <size>0x4</size>
      </object_component>
      <object_component id="oc-da">
         <name>.common:xvHeatingControlTask</name>
         <uninitialized>true</uninitialized>
         <run_address>0x20004178</run_address>
         <size>0x4</size>
      </object_component>
      <object_component id="oc-db">
         <name>.common:xvLedControlTask</name>
         <uninitialized>true</uninitialized>
         <run_address>0x2000417c</run_address>
         <size>0x4</size>
      </object_component>
      <object_component id="oc-dc">
         <name>.common:xvDisplay</name>
         <uninitialized>true</uninitialized>
         <run_address>0x20004174</run_address>
         <size>0x4</size>
      </object_component>
      <object_component id="oc-dd">
         <name>.common:xvDiagnosticsTask</name>
         <uninitialized>true</uninitialized>
         <run_address>0x20004170</run_address>
         <size>0x4</size>
      </object_component>
      <object_component id="oc-de">
         <name>.common:xvRunTimeMeasurementsTask</name>
         <uninitialized>true</uninitialized>
         <run_address>0x20004180</run_address>
         <size>0x4</size>
      </object_component>
      <object_component id="oc-d4">
         <name>.common:xEventGroupForButtons</name>
         <uninitialized>true</uninitialized>
         <run_address>0x2000413c</run_address>
         <size>0x4</size>
      </object_component>
      <object_component id="oc-d5">
         <name>.common:xEventGroupForHeatingControlTask</name>
         <uninitialized>true</uninitialized>
         <run_address>0x20004144</run_address>
         <size>0x4</size>
      </object_component>
      <object_component id="oc-d6">
         <name>.common:xEventGroupForDisplayTask</name>
         <uninitialized>true</uninitialized>
         <run_address>0x20004140</run_address>
         <size>0x4</size>
      </object_component>
      <object_component id="oc-d7">
         <name>.common:xEventGroupForMeasurementTask</name>
         <uninitialized>true</uninitialized>
         <run_address>0x20004148</run_address>
         <size>0x4</size>
      </object_component>
      <object_component id="oc-c9">
         <name>.common:xMutexPassengerControl</name>
         <uninitialized>true</uninitialized>
         <run_address>0x2000415c</run_address>
         <size>0x4</size>
      </object_component>
      <object_component id="oc-cc">
         <name>.common:xMutexDriverControl</name>
         <uninitialized>true</uninitialized>
         <run_address>0x20004150</run_address>
         <size>0x4</size>
      </object_component>
      <object_component id="oc-cd">
         <name>.common:xMutexPassengerSensingTemperature</name>
         <uninitialized>true</uninitialized>
         <run_address>0x20004164</run_address>
         <size>0x4</size>
      </object_component>
      <object_component id="oc-ce">
         <name>.common:xMutexDriverSensingTemperature</name>
         <uninitialized>true</uninitialized>
         <run_address>0x20004158</run_address>
         <size>0x4</size>
      </object_component>
      <object_component id="oc-cf">
         <name>.common:xMutexDriverControlSeatTemperature</name>
         <uninitialized>true</uninitialized>
         <run_address>0x20004154</run_address>
         <size>0x4</size>
      </object_component>
      <object_component id="oc-d0">
         <name>.common:xMutexPassengerControlSeatTemperature</name>
         <uninitialized>true</uninitialized>
         <run_address>0x20004160</run_address>
         <size>0x4</size>
      </object_component>
      <object_component id="oc-d1">
         <name>.common:xLeds</name>
         <uninitialized>true</uninitialized>
         <run_address>0x2000414c</run_address>
         <size>0x4</size>
      </object_component>
      <object_component id="oc-d2">
         <name>.common:xDiagnostic</name>
         <uninitialized>true</uninitialized>
         <run_address>0x20004138</run_address>
         <size>0x4</size>
      </object_component>
      <object_component id="oc-d3">
         <name>.common:xTempToDig</name>
         <uninitialized>true</uninitialized>
         <run_address>0x20004168</run_address>
         <size>0x4</size>
      </object_component>
      <object_component id="oc-24">
         <name>.stack</name>
         <uninitialized>true</uninitialized>
         <run_address>0x20004188</run_address>
         <size>0x4</size>
         <input_file_ref idref="fl-dc"/>
      </object_component>
      <object_component id="oc-438">
         <name>.stack</name>
         <uninitialized>true</uninitialized>
         <run_address>0x20004188</run_address>
         <size>0x0</size>
      </object_component>
      <object_component id="oc-ca">
         <name>.debug_info</name>
         <load_address>0x0</load_address>
         <run_address>0x0</run_address>
         <size>0xea5</size>
         <input_file_ref idref="fl-3"/>
      </object_component>
      <object_component id="oc-e6">
         <name>.debug_info</name>
         <load_address>0xea5</load_address>
         <run_address>0xea5</run_address>
         <size>0x545</size>
         <input_file_ref idref="fl-3"/>
      </object_component>
      <object_component id="oc-39">
         <name>.debug_info</name>
         <load_address>0x13ea</load_address>
         <run_address>0x13ea</run_address>
         <size>0x1a3a</size>
         <input_file_ref idref="fl-3"/>
      </object_component>
      <object_component id="oc-17c">
         <name>.debug_info</name>
         <load_address>0x2e24</load_address>
         <run_address>0x2e24</run_address>
         <size>0x315</size>
         <input_file_ref idref="fl-3"/>
      </object_component>
      <object_component id="oc-f5">
         <name>.debug_info</name>
         <load_address>0x3139</load_address>
         <run_address>0x3139</run_address>
         <size>0x26b</size>
         <input_file_ref idref="fl-3"/>
      </object_component>
      <object_component id="oc-186">
         <name>.debug_info</name>
         <load_address>0x33a4</load_address>
         <run_address>0x33a4</run_address>
         <size>0x48b</size>
         <input_file_ref idref="fl-3"/>
      </object_component>
      <object_component id="oc-ee">
         <name>.debug_info</name>
         <load_address>0x382f</load_address>
         <run_address>0x382f</run_address>
         <size>0x42</size>
         <input_file_ref idref="fl-3"/>
      </object_component>
      <object_component id="oc-1ab">
         <name>.debug_info</name>
         <load_address>0x3871</load_address>
         <run_address>0x3871</run_address>
         <size>0x4f</size>
         <input_file_ref idref="fl-3"/>
      </object_component>
      <object_component id="oc-1b5">
         <name>.debug_info</name>
         <load_address>0x38c0</load_address>
         <run_address>0x38c0</run_address>
         <size>0x2c</size>
         <input_file_ref idref="fl-3"/>
      </object_component>
      <object_component id="oc-47">
         <name>.debug_info</name>
         <load_address>0x38ec</load_address>
         <run_address>0x38ec</run_address>
         <size>0x84</size>
         <input_file_ref idref="fl-3"/>
      </object_component>
      <object_component id="oc-91">
         <name>.debug_info</name>
         <load_address>0x3970</load_address>
         <run_address>0x3970</run_address>
         <size>0x2c</size>
         <input_file_ref idref="fl-3"/>
      </object_component>
      <object_component id="oc-1b0">
         <name>.debug_info</name>
         <load_address>0x399c</load_address>
         <run_address>0x399c</run_address>
         <size>0x4f</size>
         <input_file_ref idref="fl-3"/>
      </object_component>
      <object_component id="oc-18b">
         <name>.debug_info</name>
         <load_address>0x39eb</load_address>
         <run_address>0x39eb</run_address>
         <size>0x2a4</size>
         <input_file_ref idref="fl-3"/>
      </object_component>
      <object_component id="oc-9b">
         <name>.debug_info</name>
         <load_address>0x3c8f</load_address>
         <run_address>0x3c8f</run_address>
         <size>0xbb</size>
         <input_file_ref idref="fl-3"/>
      </object_component>
      <object_component id="oc-e9">
         <name>.debug_info</name>
         <load_address>0x3d4a</load_address>
         <run_address>0x3d4a</run_address>
         <size>0xae</size>
         <input_file_ref idref="fl-3"/>
      </object_component>
      <object_component id="oc-177">
         <name>.debug_info</name>
         <load_address>0x3df8</load_address>
         <run_address>0x3df8</run_address>
         <size>0x53</size>
         <input_file_ref idref="fl-3"/>
      </object_component>
      <object_component id="oc-96">
         <name>.debug_info</name>
         <load_address>0x3e4b</load_address>
         <run_address>0x3e4b</run_address>
         <size>0x53</size>
         <input_file_ref idref="fl-3"/>
      </object_component>
      <object_component id="oc-181">
         <name>.debug_info</name>
         <load_address>0x3e9e</load_address>
         <run_address>0x3e9e</run_address>
         <size>0x14c</size>
         <input_file_ref idref="fl-3"/>
      </object_component>
      <object_component id="oc-40">
         <name>.debug_info</name>
         <load_address>0x3fea</load_address>
         <run_address>0x3fea</run_address>
         <size>0x353</size>
         <input_file_ref idref="fl-4"/>
      </object_component>
      <object_component id="oc-13">
         <name>.debug_info</name>
         <load_address>0x433d</load_address>
         <run_address>0x433d</run_address>
         <size>0xe8</size>
         <input_file_ref idref="fl-4"/>
      </object_component>
      <object_component id="oc-28">
         <name>.debug_info</name>
         <load_address>0x4425</load_address>
         <run_address>0x4425</run_address>
         <size>0x264</size>
         <input_file_ref idref="fl-4"/>
      </object_component>
      <object_component id="oc-b9">
         <name>.debug_info</name>
         <load_address>0x4689</load_address>
         <run_address>0x4689</run_address>
         <size>0x1ce</size>
         <input_file_ref idref="fl-5"/>
      </object_component>
      <object_component id="oc-c0">
         <name>.debug_info</name>
         <load_address>0x4857</load_address>
         <run_address>0x4857</run_address>
         <size>0x6bf</size>
         <input_file_ref idref="fl-7"/>
      </object_component>
      <object_component id="oc-c7">
         <name>.debug_info</name>
         <load_address>0x4f16</load_address>
         <run_address>0x4f16</run_address>
         <size>0x18f</size>
         <input_file_ref idref="fl-8"/>
      </object_component>
      <object_component id="oc-e2">
         <name>.debug_info</name>
         <load_address>0x50a5</load_address>
         <run_address>0x50a5</run_address>
         <size>0x235</size>
         <input_file_ref idref="fl-a"/>
      </object_component>
      <object_component id="oc-1a5">
         <name>.debug_info</name>
         <load_address>0x52da</load_address>
         <run_address>0x52da</run_address>
         <size>0x269</size>
         <input_file_ref idref="fl-b"/>
      </object_component>
      <object_component id="oc-b2">
         <name>.debug_info</name>
         <load_address>0x5543</load_address>
         <run_address>0x5543</run_address>
         <size>0x469</size>
         <input_file_ref idref="fl-b"/>
      </object_component>
      <object_component id="oc-19e">
         <name>.debug_info</name>
         <load_address>0x59ac</load_address>
         <run_address>0x59ac</run_address>
         <size>0x6e0</size>
         <input_file_ref idref="fl-c"/>
      </object_component>
      <object_component id="oc-ac">
         <name>.debug_info</name>
         <load_address>0x608c</load_address>
         <run_address>0x608c</run_address>
         <size>0x17ee</size>
         <input_file_ref idref="fl-c"/>
      </object_component>
      <object_component id="oc-16e">
         <name>.debug_info</name>
         <load_address>0x787a</load_address>
         <run_address>0x787a</run_address>
         <size>0x110</size>
         <input_file_ref idref="fl-c"/>
      </object_component>
      <object_component id="oc-22b">
         <name>.debug_info</name>
         <load_address>0x798a</load_address>
         <run_address>0x798a</run_address>
         <size>0x48b</size>
         <input_file_ref idref="fl-c"/>
      </object_component>
      <object_component id="oc-28e">
         <name>.debug_info</name>
         <load_address>0x7e15</load_address>
         <run_address>0x7e15</run_address>
         <size>0x76</size>
         <input_file_ref idref="fl-c"/>
      </object_component>
      <object_component id="oc-199">
         <name>.debug_info</name>
         <load_address>0x7e8b</load_address>
         <run_address>0x7e8b</run_address>
         <size>0x39</size>
         <input_file_ref idref="fl-c"/>
      </object_component>
      <object_component id="oc-23f">
         <name>.debug_info</name>
         <load_address>0x7ec4</load_address>
         <run_address>0x7ec4</run_address>
         <size>0x378</size>
         <input_file_ref idref="fl-d"/>
      </object_component>
      <object_component id="oc-13a">
         <name>.debug_info</name>
         <load_address>0x823c</load_address>
         <run_address>0x823c</run_address>
         <size>0x48e</size>
         <input_file_ref idref="fl-d"/>
      </object_component>
      <object_component id="oc-197">
         <name>.debug_info</name>
         <load_address>0x86ca</load_address>
         <run_address>0x86ca</run_address>
         <size>0x8de</size>
         <input_file_ref idref="fl-e"/>
      </object_component>
      <object_component id="oc-a8">
         <name>.debug_info</name>
         <load_address>0x8fa8</load_address>
         <run_address>0x8fa8</run_address>
         <size>0x322a</size>
         <input_file_ref idref="fl-e"/>
      </object_component>
      <object_component id="oc-287">
         <name>.debug_info</name>
         <load_address>0xc1d2</load_address>
         <run_address>0xc1d2</run_address>
         <size>0x1ef</size>
         <input_file_ref idref="fl-e"/>
      </object_component>
      <object_component id="oc-192">
         <name>.debug_info</name>
         <load_address>0xc3c1</load_address>
         <run_address>0xc3c1</run_address>
         <size>0x46</size>
         <input_file_ref idref="fl-e"/>
      </object_component>
      <object_component id="oc-221">
         <name>.debug_info</name>
         <load_address>0xc407</load_address>
         <run_address>0xc407</run_address>
         <size>0x35</size>
         <input_file_ref idref="fl-e"/>
      </object_component>
      <object_component id="oc-129">
         <name>.debug_info</name>
         <load_address>0xc43c</load_address>
         <run_address>0xc43c</run_address>
         <size>0x8c7</size>
         <input_file_ref idref="fl-f"/>
      </object_component>
      <object_component id="oc-80">
         <name>.debug_info</name>
         <load_address>0xcd03</load_address>
         <run_address>0xcd03</run_address>
         <size>0x3a3</size>
         <input_file_ref idref="fl-f"/>
      </object_component>
      <object_component id="oc-13e">
         <name>.debug_info</name>
         <load_address>0xd0a6</load_address>
         <run_address>0xd0a6</run_address>
         <size>0xe6</size>
         <input_file_ref idref="fl-f"/>
      </object_component>
      <object_component id="oc-156">
         <name>.debug_info</name>
         <load_address>0xd18c</load_address>
         <run_address>0xd18c</run_address>
         <size>0xe6</size>
         <input_file_ref idref="fl-f"/>
      </object_component>
      <object_component id="oc-159">
         <name>.debug_info</name>
         <load_address>0xd272</load_address>
         <run_address>0xd272</run_address>
         <size>0xe6</size>
         <input_file_ref idref="fl-f"/>
      </object_component>
      <object_component id="oc-144">
         <name>.debug_info</name>
         <load_address>0xd358</load_address>
         <run_address>0xd358</run_address>
         <size>0x129</size>
         <input_file_ref idref="fl-f"/>
      </object_component>
      <object_component id="oc-150">
         <name>.debug_info</name>
         <load_address>0xd481</load_address>
         <run_address>0xd481</run_address>
         <size>0xe6</size>
         <input_file_ref idref="fl-f"/>
      </object_component>
      <object_component id="oc-141">
         <name>.debug_info</name>
         <load_address>0xd567</load_address>
         <run_address>0xd567</run_address>
         <size>0xf4</size>
         <input_file_ref idref="fl-f"/>
      </object_component>
      <object_component id="oc-147">
         <name>.debug_info</name>
         <load_address>0xd65b</load_address>
         <run_address>0xd65b</run_address>
         <size>0xe8</size>
         <input_file_ref idref="fl-f"/>
      </object_component>
      <object_component id="oc-153">
         <name>.debug_info</name>
         <load_address>0xd743</load_address>
         <run_address>0xd743</run_address>
         <size>0xe7</size>
         <input_file_ref idref="fl-f"/>
      </object_component>
      <object_component id="oc-88">
         <name>.debug_info</name>
         <load_address>0xd82a</load_address>
         <run_address>0xd82a</run_address>
         <size>0x5732</size>
         <input_file_ref idref="fl-f"/>
      </object_component>
      <object_component id="oc-12a">
         <name>.debug_info</name>
         <load_address>0x12f5c</load_address>
         <run_address>0x12f5c</run_address>
         <size>0x30c</size>
         <input_file_ref idref="fl-f"/>
      </object_component>
      <object_component id="oc-280">
         <name>.debug_info</name>
         <load_address>0x13268</load_address>
         <run_address>0x13268</run_address>
         <size>0x2c</size>
         <input_file_ref idref="fl-f"/>
      </object_component>
      <object_component id="oc-226">
         <name>.debug_info</name>
         <load_address>0x13294</load_address>
         <run_address>0x13294</run_address>
         <size>0x16f</size>
         <input_file_ref idref="fl-f"/>
      </object_component>
      <object_component id="oc-25a">
         <name>.debug_info</name>
         <load_address>0x13403</load_address>
         <run_address>0x13403</run_address>
         <size>0x829</size>
         <input_file_ref idref="fl-10"/>
      </object_component>
      <object_component id="oc-24f">
         <name>.debug_info</name>
         <load_address>0x13c2c</load_address>
         <run_address>0x13c2c</run_address>
         <size>0xe6</size>
         <input_file_ref idref="fl-10"/>
      </object_component>
      <object_component id="oc-252">
         <name>.debug_info</name>
         <load_address>0x13d12</load_address>
         <run_address>0x13d12</run_address>
         <size>0xe6</size>
         <input_file_ref idref="fl-10"/>
      </object_component>
      <object_component id="oc-24c">
         <name>.debug_info</name>
         <load_address>0x13df8</load_address>
         <run_address>0x13df8</run_address>
         <size>0x11e</size>
         <input_file_ref idref="fl-10"/>
      </object_component>
      <object_component id="oc-249">
         <name>.debug_info</name>
         <load_address>0x13f16</load_address>
         <run_address>0x13f16</run_address>
         <size>0x10a</size>
         <input_file_ref idref="fl-10"/>
      </object_component>
      <object_component id="oc-14c">
         <name>.debug_info</name>
         <load_address>0x14020</load_address>
         <run_address>0x14020</run_address>
         <size>0x2350</size>
         <input_file_ref idref="fl-10"/>
      </object_component>
      <object_component id="oc-25b">
         <name>.debug_info</name>
         <load_address>0x16370</load_address>
         <run_address>0x16370</run_address>
         <size>0x1e2</size>
         <input_file_ref idref="fl-10"/>
      </object_component>
      <object_component id="oc-255">
         <name>.debug_info</name>
         <load_address>0x16552</load_address>
         <run_address>0x16552</run_address>
         <size>0x46</size>
         <input_file_ref idref="fl-10"/>
      </object_component>
      <object_component id="oc-90">
         <name>.debug_info</name>
         <load_address>0x16598</load_address>
         <run_address>0x16598</run_address>
         <size>0x45f</size>
         <input_file_ref idref="fl-11"/>
      </object_component>
      <object_component id="oc-83">
         <name>.debug_info</name>
         <load_address>0x169f7</load_address>
         <run_address>0x169f7</run_address>
         <size>0x15b</size>
         <input_file_ref idref="fl-11"/>
      </object_component>
      <object_component id="oc-8d">
         <name>.debug_info</name>
         <load_address>0x16b52</load_address>
         <run_address>0x16b52</run_address>
         <size>0x166</size>
         <input_file_ref idref="fl-11"/>
      </object_component>
      <object_component id="oc-33">
         <name>.debug_info</name>
         <load_address>0x16cb8</load_address>
         <run_address>0x16cb8</run_address>
         <size>0x850</size>
         <input_file_ref idref="fl-11"/>
      </object_component>
      <object_component id="oc-2e">
         <name>.debug_info</name>
         <load_address>0x17508</load_address>
         <run_address>0x17508</run_address>
         <size>0x248</size>
         <input_file_ref idref="fl-12"/>
      </object_component>
      <object_component id="oc-23d">
         <name>.debug_info</name>
         <load_address>0x17750</load_address>
         <run_address>0x17750</run_address>
         <size>0x44f</size>
         <input_file_ref idref="fl-13"/>
      </object_component>
      <object_component id="oc-23a">
         <name>.debug_info</name>
         <load_address>0x17b9f</load_address>
         <run_address>0x17b9f</run_address>
         <size>0xe1</size>
         <input_file_ref idref="fl-13"/>
      </object_component>
      <object_component id="oc-234">
         <name>.debug_info</name>
         <load_address>0x17c80</load_address>
         <run_address>0x17c80</run_address>
         <size>0xe1</size>
         <input_file_ref idref="fl-13"/>
      </object_component>
      <object_component id="oc-237">
         <name>.debug_info</name>
         <load_address>0x17d61</load_address>
         <run_address>0x17d61</run_address>
         <size>0xdd</size>
         <input_file_ref idref="fl-13"/>
      </object_component>
      <object_component id="oc-231">
         <name>.debug_info</name>
         <load_address>0x17e3e</load_address>
         <run_address>0x17e3e</run_address>
         <size>0xfb</size>
         <input_file_ref idref="fl-13"/>
      </object_component>
      <object_component id="oc-132">
         <name>.debug_info</name>
         <load_address>0x17f39</load_address>
         <run_address>0x17f39</run_address>
         <size>0x7b3</size>
         <input_file_ref idref="fl-13"/>
      </object_component>
      <object_component id="oc-2c8">
         <name>.debug_info</name>
         <load_address>0x186ec</load_address>
         <run_address>0x186ec</run_address>
         <size>0x62</size>
         <input_file_ref idref="fl-13"/>
      </object_component>
      <object_component id="oc-27f">
         <name>.debug_info</name>
         <load_address>0x1874e</load_address>
         <run_address>0x1874e</run_address>
         <size>0x333</size>
         <input_file_ref idref="fl-cd"/>
      </object_component>
      <object_component id="oc-169">
         <name>.debug_info</name>
         <load_address>0x18a81</load_address>
         <run_address>0x18a81</run_address>
         <size>0x1d1</size>
         <input_file_ref idref="fl-cd"/>
      </object_component>
      <object_component id="oc-275">
         <name>.debug_info</name>
         <load_address>0x18c52</load_address>
         <run_address>0x18c52</run_address>
         <size>0x18d</size>
         <input_file_ref idref="fl-cd"/>
      </object_component>
      <object_component id="oc-27c">
         <name>.debug_info</name>
         <load_address>0x18ddf</load_address>
         <run_address>0x18ddf</run_address>
         <size>0x16d</size>
         <input_file_ref idref="fl-cd"/>
      </object_component>
      <object_component id="oc-3ab">
         <name>.debug_info</name>
         <load_address>0x18f4c</load_address>
         <run_address>0x18f4c</run_address>
         <size>0x2c</size>
         <input_file_ref idref="fl-cd"/>
      </object_component>
      <object_component id="oc-1c7">
         <name>.debug_info</name>
         <load_address>0x18f78</load_address>
         <run_address>0x18f78</run_address>
         <size>0x13a</size>
         <input_file_ref idref="fl-ce"/>
      </object_component>
      <object_component id="oc-1c0">
         <name>.debug_info</name>
         <load_address>0x190b2</load_address>
         <run_address>0x190b2</run_address>
         <size>0x13a</size>
         <input_file_ref idref="fl-cf"/>
      </object_component>
      <object_component id="oc-1ca">
         <name>.debug_info</name>
         <load_address>0x191ec</load_address>
         <run_address>0x191ec</run_address>
         <size>0x12e</size>
         <input_file_ref idref="fl-d0"/>
      </object_component>
      <object_component id="oc-a1">
         <name>.debug_info</name>
         <load_address>0x1931a</load_address>
         <run_address>0x1931a</run_address>
         <size>0x122</size>
         <input_file_ref idref="fl-d1"/>
      </object_component>
      <object_component id="oc-4e">
         <name>.debug_info</name>
         <load_address>0x1943c</load_address>
         <run_address>0x1943c</run_address>
         <size>0x119</size>
         <input_file_ref idref="fl-d2"/>
      </object_component>
      <object_component id="oc-1bc">
         <name>.debug_info</name>
         <load_address>0x19555</load_address>
         <run_address>0x19555</run_address>
         <size>0x12e</size>
         <input_file_ref idref="fl-d3"/>
      </object_component>
      <object_component id="oc-112">
         <name>.debug_info</name>
         <load_address>0x19683</load_address>
         <run_address>0x19683</run_address>
         <size>0x147</size>
         <input_file_ref idref="fl-d4"/>
      </object_component>
      <object_component id="oc-1a2">
         <name>.debug_info</name>
         <load_address>0x197ca</load_address>
         <run_address>0x197ca</run_address>
         <size>0x13f</size>
         <input_file_ref idref="fl-d5"/>
      </object_component>
      <object_component id="oc-299">
         <name>.debug_info</name>
         <load_address>0x19909</load_address>
         <run_address>0x19909</run_address>
         <size>0x134</size>
         <input_file_ref idref="fl-d6"/>
      </object_component>
      <object_component id="oc-10e">
         <name>.debug_info</name>
         <load_address>0x19a3d</load_address>
         <run_address>0x19a3d</run_address>
         <size>0x2d4</size>
         <input_file_ref idref="fl-d7"/>
      </object_component>
      <object_component id="oc-5f">
         <name>.debug_info</name>
         <load_address>0x19d11</load_address>
         <run_address>0x19d11</run_address>
         <size>0x1b5</size>
         <input_file_ref idref="fl-d7"/>
      </object_component>
      <object_component id="oc-109">
         <name>.debug_info</name>
         <load_address>0x19ec6</load_address>
         <run_address>0x19ec6</run_address>
         <size>0x46</size>
         <input_file_ref idref="fl-d7"/>
      </object_component>
      <object_component id="oc-1d8">
         <name>.debug_info</name>
         <load_address>0x19f0c</load_address>
         <run_address>0x19f0c</run_address>
         <size>0x2c</size>
         <input_file_ref idref="fl-d7"/>
      </object_component>
      <object_component id="oc-57">
         <name>.debug_info</name>
         <load_address>0x19f38</load_address>
         <run_address>0x19f38</run_address>
         <size>0x2a8</size>
         <input_file_ref idref="fl-d8"/>
      </object_component>
      <object_component id="oc-1f">
         <name>.debug_info</name>
         <load_address>0x1a1e0</load_address>
         <run_address>0x1a1e0</run_address>
         <size>0x1ea</size>
         <input_file_ref idref="fl-d8"/>
      </object_component>
      <object_component id="oc-52">
         <name>.debug_info</name>
         <load_address>0x1a3ca</load_address>
         <run_address>0x1a3ca</run_address>
         <size>0x46</size>
         <input_file_ref idref="fl-d8"/>
      </object_component>
      <object_component id="oc-101">
         <name>.debug_info</name>
         <load_address>0x1a410</load_address>
         <run_address>0x1a410</run_address>
         <size>0x2c</size>
         <input_file_ref idref="fl-d8"/>
      </object_component>
      <object_component id="oc-ff">
         <name>.debug_info</name>
         <load_address>0x1a43c</load_address>
         <run_address>0x1a43c</run_address>
         <size>0x29e</size>
         <input_file_ref idref="fl-d9"/>
      </object_component>
      <object_component id="oc-18">
         <name>.debug_info</name>
         <load_address>0x1a6da</load_address>
         <run_address>0x1a6da</run_address>
         <size>0x250</size>
         <input_file_ref idref="fl-d9"/>
      </object_component>
      <object_component id="oc-42">
         <name>.debug_info</name>
         <load_address>0x1a92a</load_address>
         <run_address>0x1a92a</run_address>
         <size>0x60</size>
         <input_file_ref idref="fl-d9"/>
      </object_component>
      <object_component id="oc-1d1">
         <name>.debug_info</name>
         <load_address>0x1a98a</load_address>
         <run_address>0x1a98a</run_address>
         <size>0x46</size>
         <input_file_ref idref="fl-d9"/>
      </object_component>
      <object_component id="oc-fa">
         <name>.debug_info</name>
         <load_address>0x1a9d0</load_address>
         <run_address>0x1a9d0</run_address>
         <size>0x39</size>
         <input_file_ref idref="fl-d9"/>
      </object_component>
      <object_component id="oc-269">
         <name>.debug_info</name>
         <load_address>0x1aa09</load_address>
         <run_address>0x1aa09</run_address>
         <size>0x2a4</size>
         <input_file_ref idref="fl-da"/>
      </object_component>
      <object_component id="oc-15d">
         <name>.debug_info</name>
         <load_address>0x1acad</load_address>
         <run_address>0x1acad</run_address>
         <size>0x24d</size>
         <input_file_ref idref="fl-da"/>
      </object_component>
      <object_component id="oc-26b">
         <name>.debug_info</name>
         <load_address>0x1aefa</load_address>
         <run_address>0x1aefa</run_address>
         <size>0x28f</size>
         <input_file_ref idref="fl-db"/>
      </object_component>
      <object_component id="oc-165">
         <name>.debug_info</name>
         <load_address>0x1b189</load_address>
         <run_address>0x1b189</run_address>
         <size>0x245</size>
         <input_file_ref idref="fl-db"/>
      </object_component>
      <object_component id="oc-25">
         <name>.debug_info</name>
         <load_address>0x1b3ce</load_address>
         <run_address>0x1b3ce</run_address>
         <size>0x10b</size>
         <input_file_ref idref="fl-dc"/>
      </object_component>
      <object_component id="oc-6c">
         <name>.debug_info</name>
         <load_address>0x1b4d9</load_address>
         <run_address>0x1b4d9</run_address>
         <size>0x1a9</size>
         <input_file_ref idref="fl-dc"/>
      </object_component>
      <object_component id="oc-31f">
         <name>.debug_info</name>
         <load_address>0x1b682</load_address>
         <run_address>0x1b682</run_address>
         <size>0x590</size>
         <input_file_ref idref="fl-dd"/>
      </object_component>
      <object_component id="oc-2ec">
         <name>.debug_info</name>
         <load_address>0x1bc12</load_address>
         <run_address>0x1bc12</run_address>
         <size>0x21e</size>
         <input_file_ref idref="fl-dd"/>
      </object_component>
      <object_component id="oc-370">
         <name>.debug_info</name>
         <load_address>0x1be30</load_address>
         <run_address>0x1be30</run_address>
         <size>0x1b3</size>
         <input_file_ref idref="fl-dd"/>
      </object_component>
      <object_component id="oc-376">
         <name>.debug_info</name>
         <load_address>0x1bfe3</load_address>
         <run_address>0x1bfe3</run_address>
         <size>0x21b</size>
         <input_file_ref idref="fl-dd"/>
      </object_component>
      <object_component id="oc-2f7">
         <name>.debug_info</name>
         <load_address>0x1c1fe</load_address>
         <run_address>0x1c1fe</run_address>
         <size>0x3c0</size>
         <input_file_ref idref="fl-dd"/>
      </object_component>
      <object_component id="oc-37d">
         <name>.debug_info</name>
         <load_address>0x1c5be</load_address>
         <run_address>0x1c5be</run_address>
         <size>0x30a</size>
         <input_file_ref idref="fl-dd"/>
      </object_component>
      <object_component id="oc-383">
         <name>.debug_info</name>
         <load_address>0x1c8c8</load_address>
         <run_address>0x1c8c8</run_address>
         <size>0x215</size>
         <input_file_ref idref="fl-dd"/>
      </object_component>
      <object_component id="oc-2fd">
         <name>.debug_info</name>
         <load_address>0x1cadd</load_address>
         <run_address>0x1cadd</run_address>
         <size>0x215</size>
         <input_file_ref idref="fl-dd"/>
      </object_component>
      <object_component id="oc-303">
         <name>.debug_info</name>
         <load_address>0x1ccf2</load_address>
         <run_address>0x1ccf2</run_address>
         <size>0x304</size>
         <input_file_ref idref="fl-dd"/>
      </object_component>
      <object_component id="oc-309">
         <name>.debug_info</name>
         <load_address>0x1cff6</load_address>
         <run_address>0x1cff6</run_address>
         <size>0x4b5</size>
         <input_file_ref idref="fl-dd"/>
      </object_component>
      <object_component id="oc-26f">
         <name>.debug_info</name>
         <load_address>0x1d4ab</load_address>
         <run_address>0x1d4ab</run_address>
         <size>0x5f4</size>
         <input_file_ref idref="fl-dd"/>
      </object_component>
      <object_component id="oc-320">
         <name>.debug_info</name>
         <load_address>0x1da9f</load_address>
         <run_address>0x1da9f</run_address>
         <size>0x86</size>
         <input_file_ref idref="fl-dd"/>
      </object_component>
      <object_component id="oc-3b0">
         <name>.debug_info</name>
         <load_address>0x1db25</load_address>
         <run_address>0x1db25</run_address>
         <size>0x39</size>
         <input_file_ref idref="fl-dd"/>
      </object_component>
      <object_component id="oc-3f5">
         <name>.debug_info</name>
         <load_address>0x1db5e</load_address>
         <run_address>0x1db5e</run_address>
         <size>0xb6</size>
         <input_file_ref idref="fl-dd"/>
      </object_component>
      <object_component id="oc-3b5">
         <name>.debug_info</name>
         <load_address>0x1dc14</load_address>
         <run_address>0x1dc14</run_address>
         <size>0x46</size>
         <input_file_ref idref="fl-dd"/>
      </object_component>
      <object_component id="oc-325">
         <name>.debug_info</name>
         <load_address>0x1dc5a</load_address>
         <run_address>0x1dc5a</run_address>
         <size>0x46</size>
         <input_file_ref idref="fl-dd"/>
      </object_component>
      <object_component id="oc-294">
         <name>.debug_info</name>
         <load_address>0x1dca0</load_address>
         <run_address>0x1dca0</run_address>
         <size>0x115</size>
         <input_file_ref idref="fl-de"/>
      </object_component>
      <object_component id="oc-36b">
         <name>.debug_info</name>
         <load_address>0x1ddb5</load_address>
         <run_address>0x1ddb5</run_address>
         <size>0x14c</size>
         <input_file_ref idref="fl-df"/>
      </object_component>
      <object_component id="oc-2f2">
         <name>.debug_info</name>
         <load_address>0x1df01</load_address>
         <run_address>0x1df01</run_address>
         <size>0x128</size>
         <input_file_ref idref="fl-e0"/>
      </object_component>
      <object_component id="oc-35b">
         <name>.debug_info</name>
         <load_address>0x1e029</load_address>
         <run_address>0x1e029</run_address>
         <size>0x12a</size>
         <input_file_ref idref="fl-e0"/>
      </object_component>
      <object_component id="oc-364">
         <name>.debug_info</name>
         <load_address>0x1e153</load_address>
         <run_address>0x1e153</run_address>
         <size>0x12c</size>
         <input_file_ref idref="fl-e1"/>
      </object_component>
      <object_component id="oc-2af">
         <name>.debug_info</name>
         <load_address>0x1e27f</load_address>
         <run_address>0x1e27f</run_address>
         <size>0x4b3</size>
         <input_file_ref idref="fl-e2"/>
      </object_component>
      <object_component id="oc-1ee">
         <name>.debug_info</name>
         <load_address>0x1e732</load_address>
         <run_address>0x1e732</run_address>
         <size>0x1a6</size>
         <input_file_ref idref="fl-e2"/>
      </object_component>
      <object_component id="oc-340">
         <name>.debug_info</name>
         <load_address>0x1e8d8</load_address>
         <run_address>0x1e8d8</run_address>
         <size>0x39</size>
         <input_file_ref idref="fl-e2"/>
      </object_component>
      <object_component id="oc-3bd">
         <name>.debug_info</name>
         <load_address>0x1e911</load_address>
         <run_address>0x1e911</run_address>
         <size>0x39</size>
         <input_file_ref idref="fl-e2"/>
      </object_component>
      <object_component id="oc-345">
         <name>.debug_info</name>
         <load_address>0x1e94a</load_address>
         <run_address>0x1e94a</run_address>
         <size>0x39</size>
         <input_file_ref idref="fl-e2"/>
      </object_component>
      <object_component id="oc-34a">
         <name>.debug_info</name>
         <load_address>0x1e983</load_address>
         <run_address>0x1e983</run_address>
         <size>0xcd</size>
         <input_file_ref idref="fl-e2"/>
      </object_component>
      <object_component id="oc-117">
         <name>.debug_info</name>
         <load_address>0x1ea50</load_address>
         <run_address>0x1ea50</run_address>
         <size>0x153</size>
         <input_file_ref idref="fl-e3"/>
      </object_component>
      <object_component id="oc-1e2">
         <name>.debug_info</name>
         <load_address>0x1eba3</load_address>
         <run_address>0x1eba3</run_address>
         <size>0x122</size>
         <input_file_ref idref="fl-e5"/>
      </object_component>
      <object_component id="oc-3d0">
         <name>.debug_info</name>
         <load_address>0x1ecc5</load_address>
         <run_address>0x1ecc5</run_address>
         <size>0x29c</size>
         <input_file_ref idref="fl-e7"/>
      </object_component>
      <object_component id="oc-35f">
         <name>.debug_info</name>
         <load_address>0x1ef61</load_address>
         <run_address>0x1ef61</run_address>
         <size>0x1da</size>
         <input_file_ref idref="fl-e7"/>
      </object_component>
      <object_component id="oc-355">
         <name>.debug_info</name>
         <load_address>0x1f13b</load_address>
         <run_address>0x1f13b</run_address>
         <size>0x2b9</size>
         <input_file_ref idref="fl-e9"/>
      </object_component>
      <object_component id="oc-2e4">
         <name>.debug_info</name>
         <load_address>0x1f3f4</load_address>
         <run_address>0x1f3f4</run_address>
         <size>0x17c</size>
         <input_file_ref idref="fl-e9"/>
      </object_component>
      <object_component id="oc-3cb">
         <name>.debug_info</name>
         <load_address>0x1f570</load_address>
         <run_address>0x1f570</run_address>
         <size>0xf9</size>
         <input_file_ref idref="fl-ea"/>
      </object_component>
      <object_component id="oc-352">
         <name>.debug_info</name>
         <load_address>0x1f669</load_address>
         <run_address>0x1f669</run_address>
         <size>0x105</size>
         <input_file_ref idref="fl-ea"/>
      </object_component>
      <object_component id="oc-39c">
         <name>.debug_info</name>
         <load_address>0x1f76e</load_address>
         <run_address>0x1f76e</run_address>
         <size>0x2a7</size>
         <input_file_ref idref="fl-eb"/>
      </object_component>
      <object_component id="oc-310">
         <name>.debug_info</name>
         <load_address>0x1fa15</load_address>
         <run_address>0x1fa15</run_address>
         <size>0x1b8</size>
         <input_file_ref idref="fl-eb"/>
      </object_component>
      <object_component id="oc-3e7">
         <name>.debug_info</name>
         <load_address>0x1fbcd</load_address>
         <run_address>0x1fbcd</run_address>
         <size>0x29a</size>
         <input_file_ref idref="fl-ec"/>
      </object_component>
      <object_component id="oc-395">
         <name>.debug_info</name>
         <load_address>0x1fe67</load_address>
         <run_address>0x1fe67</run_address>
         <size>0x262</size>
         <input_file_ref idref="fl-ec"/>
      </object_component>
      <object_component id="oc-3a8">
         <name>.debug_info</name>
         <load_address>0x200c9</load_address>
         <run_address>0x200c9</run_address>
         <size>0x289</size>
         <input_file_ref idref="fl-ed"/>
      </object_component>
      <object_component id="oc-3a5">
         <name>.debug_info</name>
[...]
         <object_component_ref idref="oc-85"/>
      </symbol>
      <symbol id="sm-747">
         <name>xTaskResumeAll</name>
         <value>0xbc9</value>
         <object_component_ref idref="oc-85"/>
      </symbol>
      <symbol id="sm-748">
         <name>vTaskSetApplicationTaskTag</name>
         <value>0x1115</value>
         <object_component_ref idref="oc-85"/>
      </symbol>
      <symbol id="sm-749">
         <name>xTaskGetTickCount</name>
         <value>0xd6f</value>
         <object_component_ref idref="oc-85"/>
      </symbol>
      <symbol id="sm-74a">
         <name>ulTaskGenericNotifyTake</name>
         <value>0x20c9</value>
         <object_component_ref idref="oc-85"/>
      </symbol>
      <symbol id="sm-74b">
         <name>uxTaskGetSystemState</name>
         <value>0xdf9</value>
         <object_component_ref idref="oc-85"/>
      </symbol>
      <symbol id="sm-74c">
         <name>vTaskDelete</name>
         <value>0x4d5</value>
         <object_component_ref idref="oc-85"/>
      </symbol>
      <symbol id="sm-74d">
         <name>xTaskGetApplicationTaskTag</name>
         <value>0x1145</value>
         <object_component_ref idref="oc-85"/>
      </symbol>
      <symbol id="sm-74e">
         <name>xTaskCallApplicationTaskHook</name>
         <value>0x11ad</value>
         <object_component_ref idref="oc-85"/>
      </symbol>
      <symbol id="sm-74f">
         <name>ulTaskGenericNotifyValueClear</name>
         <value>0x28e1</value>
         <object_component_ref idref="oc-85"/>
      </symbol>
      <symbol id="sm-750">
         <name>xTaskGenericNotifyWait</name>
         <value>0x2191</value>
         <object_component_ref idref="oc-85"/>
      </symbol>
      <symbol id="sm-751">
         <name>pxCurrentTCB</name>
         <value>0x200043d0</value>
         <object_component_ref idref="oc-7f"/>
      </symbol>
      <symbol id="sm-752">
         <name>eTaskGetState</name>
         <value>0x6f9</value>
         <object_component_ref idref="oc-85"/>
      </symbol>
      <symbol id="sm-753">
         <name>vTaskSuspend</name>
         <value>0x7dd</value>
         <object_component_ref idref="oc-85"/>
      </symbol>
      <symbol id="sm-754">
         <name>xTaskGetTickCountFromISR</name>
         <value>0xd85</value>
         <object_component_ref idref="oc-85"/>
      </symbol>
      <symbol id="sm-755">
         <name>vTaskResume</name>
         <value>0x941</value>
         <object_component_ref idref="oc-85"/>
      </symbol>
      <symbol id="sm-756">
         <name>uxTopUsedPriority</name>
         <value>0x8418</value>
         <object_component_ref idref="oc-152"/>
      </symbol>
      <symbol id="sm-757">
         <name>vTaskPlaceOnEventListRestricted</name>
         <value>0x137d</value>
         <object_component_ref idref="oc-85"/>
      </symbol>
      <symbol id="sm-758">
         <name>vTaskSetTimeOutState</name>
         <value>0x169f</value>
         <object_component_ref idref="oc-85"/>
      </symbol>
      <symbol id="sm-759">
         <name>xTaskIncrementTick</name>
         <value>0xf31</value>
         <object_component_ref idref="oc-85"/>
      </symbol>
      <symbol id="sm-75a">
         <name>vTaskSwitchContext</name>
         <value>0x11ed</value>
         <object_component_ref idref="oc-85"/>
      </symbol>
      <symbol id="sm-75b">
         <name>uxTaskResetEventItemValue</name>
         <value>0x2087</value>
         <object_component_ref idref="oc-85"/>
      </symbol>
      <symbol id="sm-75c">
         <name>xTaskGetSchedulerState</name>
         <value>0x1a99</value>
         <object_component_ref idref="oc-85"/>
      </symbol>
      <symbol id="sm-75d">
         <name>xTaskResumeFromISR</name>
         <value>0xa19</value>
         <object_component_ref idref="oc-85"/>
      </symbol>
      <symbol id="sm-75e">
         <name>xTaskGetCurrentTaskHandle</name>
         <value>0x1a81</value>
         <object_component_ref idref="oc-85"/>
      </symbol>
      <symbol id="sm-75f">
         <name>vTaskPlaceOnUnorderedEventList</name>
         <value>0x12d9</value>
         <object_component_ref idref="oc-85"/>
      </symbol>
      <symbol id="sm-760">
         <name>xTaskRemoveFromEventList</name>
         <value>0x13f9</value>
         <object_component_ref idref="oc-85"/>
      </symbol>
      <symbol id="sm-761">
         <name>xTaskPriorityInherit</name>
         <value>0x1ae9</value>
         <object_component_ref idref="oc-85"/>
      </symbol>
      <symbol id="sm-82a">
         <name>vTimerSetTimerNumber</name>
         <value>0x5bc1</value>
         <object_component_ref idref="oc-149"/>
      </symbol>
      <symbol id="sm-82b">
         <name>xTimerGetTimerDaemonTaskHandle</name>
         <value>0x5569</value>
         <object_component_ref idref="oc-149"/>
      </symbol>
      <symbol id="sm-82c">
         <name>pcTimerGetName</name>
         <value>0x5671</value>
         <object_component_ref idref="oc-149"/>
      </symbol>
      <symbol id="sm-82d">
         <name>xTimerCreateTimerTask</name>
         <value>0x540d</value>
         <object_component_ref idref="oc-149"/>
      </symbol>
      <symbol id="sm-82e">
         <name>xTimerGetExpiryTime</name>
         <value>0x5643</value>
         <object_component_ref idref="oc-149"/>
      </symbol>
      <symbol id="sm-82f">
         <name>uxTimerGetTimerNumber</name>
         <value>0x5bb3</value>
         <object_component_ref idref="oc-149"/>
      </symbol>
      <symbol id="sm-830">
         <name>xTimerIsTimerActive</name>
         <value>0x5a99</value>
         <object_component_ref idref="oc-149"/>
      </symbol>
      <symbol id="sm-831">
         <name>xTimerGetPeriod</name>
         <value>0x558b</value>
         <object_component_ref idref="oc-149"/>
      </symbol>
      <symbol id="sm-832">
         <name>xTimerGetReloadMode</name>
         <value>0x55fb</value>
         <object_component_ref idref="oc-149"/>
      </symbol>
      <symbol id="sm-833">
         <name>xTimerCreate</name>
         <value>0x544b</value>
         <object_component_ref idref="oc-149"/>
      </symbol>
      <symbol id="sm-834">
         <name>vTimerSetReloadMode</name>
         <value>0x55b1</value>
         <object_component_ref idref="oc-149"/>
      </symbol>
      <symbol id="sm-835">
         <name>xTimerGenericCommand</name>
         <value>0x54e9</value>
         <object_component_ref idref="oc-149"/>
      </symbol>
      <symbol id="sm-836">
         <name>uxTimerGetReloadMode</name>
         <value>0x5637</value>
         <object_component_ref idref="oc-149"/>
      </symbol>
      <symbol id="sm-837">
         <name>pvTimerGetTimerID</name>
         <value>0x5ad5</value>
         <object_component_ref idref="oc-149"/>
      </symbol>
      <symbol id="sm-838">
         <name>xTimerPendFunctionCallFromISR</name>
         <value>0x5b31</value>
         <object_component_ref idref="oc-149"/>
      </symbol>
      <symbol id="sm-839">
         <name>xTimerPendFunctionCall</name>
         <value>0x5b67</value>
         <object_component_ref idref="oc-149"/>
      </symbol>
      <symbol id="sm-83a">
         <name>vTimerSetTimerID</name>
         <value>0x5b03</value>
         <object_component_ref idref="oc-149"/>
      </symbol>
      <symbol id="sm-88b">
         <name>ulMaxSyscallInterruptPriority</name>
         <value>0x8410</value>
         <object_component_ref idref="oc-82"/>
      </symbol>
      <symbol id="sm-88c">
         <name>vPortSetupTimerInterrupt</name>
         <value>0x6355</value>
         <object_component_ref idref="oc-32"/>
      </symbol>
      <symbol id="sm-88d">
         <name>vPortEndScheduler</name>
         <value>0x629d</value>
         <object_component_ref idref="oc-32"/>
      </symbol>
      <symbol id="sm-88e">
         <name>xPortSysTickHandler</name>
         <value>0x632f</value>
         <object_component_ref idref="oc-32"/>
      </symbol>
      <symbol id="sm-88f">
         <name>vPortValidateInterruptPriority</name>
         <value>0x636f</value>
         <object_component_ref idref="oc-32"/>
      </symbol>
      <symbol id="sm-890">
         <name>pxPortInitialiseStack</name>
         <value>0x6159</value>
         <object_component_ref idref="oc-32"/>
      </symbol>
      <symbol id="sm-891">
         <name>vPortExitCritical</name>
         <value>0x6303</value>
         <object_component_ref idref="oc-32"/>
      </symbol>
      <symbol id="sm-892">
         <name>xPortStartScheduler</name>
         <value>0x61e5</value>
         <object_component_ref idref="oc-32"/>
      </symbol>
      <symbol id="sm-893">
         <name>vPortEnterCritical</name>
         <value>0x62c1</value>
         <object_component_ref idref="oc-32"/>
      </symbol>
      <symbol id="sm-8a2">
         <name>vPortStartFirstTask</name>
         <value>0x7955</value>
         <object_component_ref idref="oc-2d"/>
      </symbol>
      <symbol id="sm-8a3">
         <name>ulPortGetIPSR</name>
         <value>0x78bd</value>
         <object_component_ref idref="oc-2d"/>
      </symbol>
      <symbol id="sm-8a4">
         <name>vPortEnableVFP</name>
         <value>0x7979</value>
         <object_component_ref idref="oc-2d"/>
      </symbol>
      <symbol id="sm-8a5">
         <name>xPortPendSVHandler</name>
         <value>0x78d5</value>
         <object_component_ref idref="oc-2d"/>
      </symbol>
      <symbol id="sm-8a6">
         <name>vPortSVCHandler</name>
         <value>0x7935</value>
         <object_component_ref idref="oc-2d"/>
      </symbol>
      <symbol id="sm-8fe">
         <name>vPortInitialiseBlocks</name>
         <value>0x65f7</value>
         <object_component_ref idref="oc-131"/>
      </symbol>
      <symbol id="sm-8ff">
         <name>xPortGetFreeHeapSize</name>
         <value>0x65f1</value>
         <object_component_ref idref="oc-131"/>
      </symbol>
      <symbol id="sm-900">
         <name>pvPortCalloc</name>
         <value>0x65f9</value>
         <object_component_ref idref="oc-131"/>
      </symbol>
      <symbol id="sm-901">
         <name>pvPortMalloc</name>
         <value>0x640d</value>
         <object_component_ref idref="oc-131"/>
      </symbol>
      <symbol id="sm-902">
         <name>vPortFree</name>
         <value>0x6533</value>
         <object_component_ref idref="oc-131"/>
      </symbol>
      <symbol id="sm-929">
         <name>sprintf</name>
         <value>0x8115</value>
         <object_component_ref idref="oc-167"/>
      </symbol>
      <symbol id="sm-93d">
         <name>__aeabi_ddiv</name>
         <value>0x731d</value>
         <object_component_ref idref="oc-1c4"/>
      </symbol>
      <symbol id="sm-948">
         <name>__aeabi_dmul</name>
         <value>0x77b1</value>
         <object_component_ref idref="oc-1bf"/>
      </symbol>
      <symbol id="sm-952">
         <name>__aeabi_d2iz</name>
         <value>0x8089</value>
         <object_component_ref idref="oc-1c9"/>
      </symbol>
      <symbol id="sm-95b">
         <name>__aeabi_lmul</name>
         <value>0x8265</value>
         <object_component_ref idref="oc-a0"/>
      </symbol>
      <symbol id="sm-976">
         <name>memcpy</name>
         <value>0x7a3b</value>
         <object_component_ref idref="oc-4c"/>
      </symbol>
      <symbol id="sm-977">
         <name>__aeabi_memcpy</name>
         <value>0x7a3b</value>
         <object_component_ref idref="oc-4c"/>
      </symbol>
      <symbol id="sm-978">
         <name>__aeabi_memcpy8</name>
         <value>0x7a3b</value>
         <object_component_ref idref="oc-4c"/>
      </symbol>
      <symbol id="sm-979">
         <name>__aeabi_memcpy4</name>
         <value>0x7a3b</value>
         <object_component_ref idref="oc-4c"/>
      </symbol>
      <symbol id="sm-983">
         <name>__aeabi_ui2d</name>
         <value>0x81f7</value>
         <object_component_ref idref="oc-1ba"/>
      </symbol>
      <symbol id="sm-992">
         <name>__aeabi_memset</name>
         <value>0x7c7b</value>
         <object_component_ref idref="oc-10f"/>
      </symbol>
      <symbol id="sm-993">
         <name>memset</name>
         <value>0x7c81</value>
         <object_component_ref idref="oc-10f"/>
      </symbol>
      <symbol id="sm-994">
         <name>__aeabi_memset8</name>
         <value>0x7c7b</value>
         <object_component_ref idref="oc-10f"/>
      </symbol>
      <symbol id="sm-995">
         <name>__aeabi_memset4</name>
         <value>0x7c7b</value>
         <object_component_ref idref="oc-10f"/>
      </symbol>
      <symbol id="sm-996">
         <name>__aeabi_memclr8</name>
         <value>0x7c79</value>
         <object_component_ref idref="oc-10f"/>
      </symbol>
      <symbol id="sm-997">
         <name>__aeabi_memclr4</name>
         <value>0x7c79</value>
         <object_component_ref idref="oc-10f"/>
      </symbol>
      <symbol id="sm-998">
         <name>__aeabi_memclr</name>
         <value>0x7c79</value>
         <object_component_ref idref="oc-10f"/>
      </symbol>
      <symbol id="sm-9a6">
         <name>__aeabi_ldivmod</name>
         <value>0x7d61</value>
         <object_component_ref idref="oc-19f"/>
      </symbol>
      <symbol id="sm-9b3">
         <name>__aeabi_uldivmod</name>
         <value>0x7ad7</value>
         <object_component_ref idref="oc-298"/>
      </symbol>
      <symbol id="sm-9ca">
         <name>__TI_zero_init</name>
         <value>0x82db</value>
         <object_component_ref idref="oc-5e"/>
      </symbol>
      <symbol id="sm-9e1">
         <name>__TI_decompress_none</name>
         <value>0x82cd</value>
         <object_component_ref idref="oc-1b"/>
      </symbol>
      <symbol id="sm-a04">
         <name>__TI_decompress_lzss</name>
         <value>0x7dcf</value>
         <object_component_ref idref="oc-15"/>
      </symbol>
      <symbol id="sm-a12">
         <name>strcpy</name>
         <value>0x8293</value>
         <object_component_ref idref="oc-15b"/>
      </symbol>
      <symbol id="sm-a20">
         <name>strlen</name>
         <value>0x82a7</value>
         <object_component_ref idref="oc-161"/>
      </symbol>
      <symbol id="sm-a33">
         <name>__stack</name>
         <value>0x20004188</value>
         <object_component_ref idref="oc-24"/>
      </symbol>
      <symbol id="sm-a34">
         <name>_c_int00_noargs</name>
         <value>0x8195</value>
         <object_component_ref idref="oc-6a"/>
      </symbol>
      <symbol id="sm-b99">
         <name>__TI_printfi</name>
         <value>0x49bd</value>
         <object_component_ref idref="oc-26c"/>
      </symbol>
      <symbol id="sm-ba3">
         <name>__aeabi_idiv0</name>
         <value>0x3a63</value>
         <object_component_ref idref="oc-293"/>
      </symbol>
      <symbol id="sm-ba4">
         <name>__aeabi_ldiv0</name>
         <value>0x3a63</value>
         <object_component_ref idref="oc-293"/>
      </symbol>
      <symbol id="sm-bbb">
         <name>__aeabi_dsub</name>
         <value>0x6e7d</value>
         <object_component_ref idref="oc-368"/>
      </symbol>
      <symbol id="sm-bbc">
         <name>__aeabi_dadd</name>
         <value>0x6e87</value>
         <object_component_ref idref="oc-368"/>
      </symbol>
      <symbol id="sm-bde">
         <name>__aeabi_cdcmpeq</name>
         <value>0x7b6d</value>
         <object_component_ref idref="oc-2ef"/>
      </symbol>
      <symbol id="sm-bdf">
         <name>__aeabi_cdcmple</name>
         <value>0x7b6d</value>
         <object_component_ref idref="oc-2ef"/>
      </symbol>
      <symbol id="sm-be0">
         <name>__aeabi_cdrcmple</name>
         <value>0x7bf3</value>
         <object_component_ref idref="oc-358"/>
      </symbol>
      <symbol id="sm-bea">
         <name>__aeabi_i2d</name>
         <value>0x81c9</value>
         <object_component_ref idref="oc-363"/>
      </symbol>
      <symbol id="sm-c12">
         <name>__TI_auto_init_nobinit_nopinit</name>
         <value>0x80d1</value>
         <object_component_ref idref="oc-1ed"/>
      </symbol>
      <symbol id="sm-c1c">
         <name>_system_pre_init</name>
         <value>0x8305</value>
         <object_component_ref idref="oc-115"/>
      </symbol>
      <symbol id="sm-c28">
         <name>C$$EXIT</name>
         <value>0x8309</value>
         <object_component_ref idref="oc-1e1"/>
      </symbol>
      <symbol id="sm-c29">
         <name>abort</name>
         <value>0x8309</value>
         <object_component_ref idref="oc-1e1"/>
      </symbol>
      <symbol id="sm-c39">
         <name>__TI_ltoa</name>
         <value>0x7f49</value>
         <object_component_ref idref="oc-35d"/>
      </symbol>
      <symbol id="sm-c50">
         <name>atoi</name>
         <value>0x7ff1</value>
         <object_component_ref idref="oc-2e3"/>
      </symbol>
      <symbol id="sm-c5b">
         <name>_ctypes_</name>
         <value>0x830c</value>
         <object_component_ref idref="oc-351"/>
      </symbol>
      <symbol id="sm-c6b">
         <name>memccpy</name>
         <value>0x8217</value>
         <object_component_ref idref="oc-30c"/>
      </symbol>
      <symbol id="sm-c7b">
         <name>strchr</name>
         <value>0x827d</value>
         <object_component_ref idref="oc-394"/>
      </symbol>
      <symbol id="sm-c91">
         <name>__aeabi_errno_addr</name>
         <value>0x82fd</value>
         <object_component_ref idref="oc-318"/>
      </symbol>
      <symbol id="sm-c92">
         <name>errno</name>
         <value>0x2000442c</value>
         <object_component_ref idref="oc-3a4"/>
      </symbol>
      <symbol id="sm-cab">
         <name>wcslen</name>
         <value>0x82bb</value>
         <object_component_ref idref="oc-312"/>
      </symbol>
      <symbol id="sm-ccb">
         <name>frexpl</name>
         <value>0x7e39</value>
         <object_component_ref idref="oc-388"/>
      </symbol>
      <symbol id="sm-ccc">
         <name>frexp</name>
         <value>0x7e39</value>
         <object_component_ref idref="oc-388"/>
      </symbol>
      <symbol id="sm-ce9">
         <name>scalbn</name>
         <value>0x76a1</value>
         <object_component_ref idref="oc-38e"/>
      </symbol>
      <symbol id="sm-cea">
         <name>scalbnl</name>
         <value>0x76a1</value>
         <object_component_ref idref="oc-38e"/>
      </symbol>
      <symbol id="sm-ceb">
         <name>ldexpl</name>
         <value>0x76a1</value>
         <object_component_ref idref="oc-38e"/>
      </symbol>
      <symbol id="sm-cec">
         <name>ldexp</name>
         <value>0x76a1</value>
         <object_component_ref idref="oc-38e"/>
      </symbol>
      <symbol id="sm-cf6">
         <name>copysign</name>
         <value>0x8233</value>
         <object_component_ref idref="oc-3de"/>
      </symbol>
      <symbol id="sm-cf7">
         <name>copysignl</name>
         <value>0x8233</value>
         <object_component_ref idref="oc-3de"/>
      </symbol>
      <symbol id="sm-cf8">
         <name>__TI_static_base__</name>
         <value>0x0</value>
      </symbol>
      <symbol id="sm-cfb">
         <name>__mpu_init</name>
         <value>0x0</value>
      </symbol>
      <symbol id="sm-cfc">
         <name>_system_post_cinit</name>
         <value>0x0</value>
      </symbol>
   </symbol_table>
   <title>Link successful</title>
</link_info>
