******************************************************************************
                  TI ARM Linker PC v20.2.7                     
******************************************************************************
>> Linked Mon Oct 14 01:01:58 2024

OUTPUT FILE NAME:   <Lab1.out>
ENTRY POINT SYMBOL: "_c_int00_noargs"  address: 00008195


MEMORY CONFIGURATION

         name            origin    length      used     unused   attr    fill
----------------------  --------  ---------  --------  --------  ----  --------
  FLASH                 00000000   00040000  0000845c  00037ba4  R  X
  SRAM                  20000000   00008000  00004430  00003bd0  RW X


SEGMENT ALLOCATION MAP

run origin  load origin   length   init length attrs members
----------  ----------- ---------- ----------- ----- -------
00000000    00000000    00008460   00008460    r-x
  00000000    00000000    0000026c   0000026c    r-- .intvecs
  0000026c    0000026c    000080a0   000080a0    r-x .text
  0000830c    0000830c    00000110   00000110    r-- .const
  00008420    00008420    00000040   00000040    r-- .cinit
20000000    20000000    00004430   00000000    rw-
  20000000    20000000    00004188   00000000    rw- .bss
  20004188    20004188    00000200   00000000    rw- .stack
  20004388    20004388    000000a8   00000000    rw- .data


SECTION ALLOCATION MAP

 output                                  attributes/
section   page    origin      length       input sections
--------  ----  ----------  ----------   ----------------
.intvecs   0    00000000    0000026c     
                  00000000    0000026c     tm4c123gh6pm_startup_ccs.obj (.intvecs)

.text      0    0000026c    000080a0     
                  0000026c    000027b0     tasks.obj (.text)
                  00002a1c    00001046     queue.obj (.text)
                  00003a62    00000002     rtsv7M4_T_le_v4SPD16_eabi.lib : div0.asm.obj (.text)
                  00003a64    00000f58     main.obj (.text)
                  000049bc    00000a4e     rtsv7M4_T_le_v4SPD16_eabi.lib : _printfi.c.obj (.text:__TI_printfi)
                  0000540a    00000002     --HOLE-- [fill = 0]
                  0000540c    000007dc     timers.obj (.text)
                  00005be8    00000570     event_groups.obj (.text)
                  00006158    000002b4     port.obj (.text)
                  0000640c    0000028c     heap_2.obj (.text)
                  00006698    00000270     rtsv7M4_T_le_v4SPD16_eabi.lib : _printfi.c.obj (.text:_pconv_a)
                  00006908    000001dc     gpio.obj (.text)
                  00006ae4    000001d0     rtsv7M4_T_le_v4SPD16_eabi.lib : _printfi.c.obj (.text:_pconv_g)
                  00006cb4    000001c8     uart0.obj (.text)
                  00006e7c    000001b6     rtsv7M4_T_le_v4SPD16_eabi.lib : fd_add_t2.asm.obj (.text)
                  00007032    00000002     --HOLE-- [fill = 0]
                  00007034    000001ac     adc.obj (.text)
                  000071e0    0000013c     rtsv7M4_T_le_v4SPD16_eabi.lib : _printfi.c.obj (.text:_pconv_e)
                  0000731c    00000136                                   : fd_div_t2.asm.obj (.text)
                  00007452    0000012a     list.obj (.text)
                  0000757c    00000124     rtsv7M4_T_le_v4SPD16_eabi.lib : _printfi.c.obj (.text:fcvt)
                  000076a0    00000110                                   : s_scalbn.c.obj (.text:scalbn)
                  000077b0    000000fc                                   : fd_mul_t2.asm.obj (.text)
                  000078ac    000000da     portasm.obj (.text)
                  00007986    00000002     --HOLE-- [fill = 0]
                  00007988    000000b1     rtsv7M4_T_le_v4SPD16_eabi.lib : _printfi.c.obj (.text:_ltostr)
                  00007a39    00000001     --HOLE-- [fill = 0]
                  00007a3a    0000009c                                   : memcpy_t2.asm.obj (.text)
                  00007ad6    00000096                                   : ull_div_t2.asm.obj (.text)
                  00007b6c    00000086                                   : fd_cmp_t2.asm.obj (.text:__aeabi_cdcmple)
                  00007bf2    00000086                                   : fd_cmp_t2.asm.obj (.text:__aeabi_cdrcmple)
                  00007c78    0000007a                                   : memset_t2.asm.obj (.text)
                  00007cf2    0000006e                                   : _printfi.c.obj (.text:_mcpy)
                  00007d60    0000006e                                   : ll_div_t2.asm.obj (.text)
                  00007dce    00000068                                   : copy_decompress_lzss.c.obj (.text:decompress:lzss:__TI_decompress_lzss)
                  00007e36    00000002     --HOLE-- [fill = 0]
                  00007e38    00000064                                   : s_frexp.c.obj (.text:frexp)
                  00007e9c    00000056                                   : _printfi.c.obj (.text:_pconv_f)
                  00007ef2    00000002     --HOLE-- [fill = 0]
                  00007ef4    00000054     GPTM.obj (.text)
                  00007f48    00000054     rtsv7M4_T_le_v4SPD16_eabi.lib : _ltoa.c.obj (.text:__TI_ltoa)
                  00007f9c    00000052                                   : _printfi.c.obj (.text:_ecpy)
                  00007fee    00000002     --HOLE-- [fill = 0]
                  00007ff0    0000004c                                   : atoi.c.obj (.text:atoi)
                  0000803c    0000004c     lm35.obj (.text)
                  00008088    00000048     rtsv7M4_T_le_v4SPD16_eabi.lib : fd_toi_t2.asm.obj (.text)
                  000080d0    00000044                                   : autoinit.c.obj (.text:__TI_auto_init_nobinit_nopinit:__TI_auto_init_nobinit_nopinit)
                  00008114    00000040                                   : sprintf.c.obj (.text:sprintf)
                  00008154    0000003e                                   : _printfi.c.obj (.text:_fcpy)
                  00008192    00000002     --HOLE-- [fill = 0]
                  00008194    00000034                                   : boot_cortex_m.c.obj (.text:_c_int00_noargs:_c_int00_noargs)
                  000081c8    0000002e                                   : i_tofd_t2.asm.obj (.text)
                  000081f6    00000020                                   : u_tofd_t2.asm.obj (.text)
                  00008216    0000001c                                   : memccpy.c.obj (.text:memccpy)
                  00008232    0000001a                                   : s_copysign.c.obj (.text:copysign)
                  0000824c    00000018                                   : sprintf.c.obj (.text:_outs)
                  00008264    00000018                                   : ll_mul_t2.asm.obj (.text)
                  0000827c    00000016                                   : strchr.c.obj (.text:strchr)
                  00008292    00000014                                   : strcpy.c.obj (.text:strcpy)
                  000082a6    00000014                                   : strlen.c.obj (.text:strlen)
                  000082ba    00000012                                   : wcslen.c.obj (.text:wcslen)
                  000082cc    0000000e                                   : copy_decompress_none.c.obj (.text:decompress:none:__TI_decompress_none)
                  000082da    0000000c                                   : copy_zero_init.c.obj (.text:decompress:ZI:__TI_zero_init)
                  000082e6    0000000c     tm4c123gh6pm_startup_ccs.obj (.text)
                  000082f2    0000000a     rtsv7M4_T_le_v4SPD16_eabi.lib : sprintf.c.obj (.text:_outc)
                  000082fc    00000008                                   : errno.c.obj (.text:__aeabi_errno_addr)
                  00008304    00000004                                   : pre_init.c.obj (.text:_system_pre_init)
                  00008308    00000004                                   : exit.c.obj (.text:abort:abort)

.const     0    0000830c    00000110     
                  0000830c    00000101     rtsv7M4_T_le_v4SPD16_eabi.lib : ctype.c.obj (.const:.string:_ctypes_)
                  0000840d    00000003     --HOLE-- [fill = 0]
                  00008410    00000008     port.obj (.const)
                  00008418    00000004     tasks.obj (.const)

.cinit     0    00008420    00000040     
                  00008420    00000016     (.cinit..data.load) [load image, compression = lzss]
                  00008436    00000002     --HOLE-- [fill = 0]
                  00008438    0000000c     (__TI_handler_table)
                  00008444    00000004     --HOLE-- [fill = 0]
                  00008448    00000008     (.cinit..bss.load) [load image, compression = zero_init]
                  00008450    00000010     (__TI_cinit_table)

.init_array 
*          0    00000000    00000000     UNINITIALIZED

.bss       0    20000000    00004188     UNINITIALIZED
                  20000000    00004000     heap_2.obj (.bss:ucHeap)
                  20004000    0000008c     tasks.obj (.bss:pxReadyTasksLists)
                  2000408c    00000014     timers.obj (.bss:xActiveTimerList1)
                  200040a0    00000014     timers.obj (.bss:xActiveTimerList2)
                  200040b4    00000014     tasks.obj (.bss:xDelayedTaskList1)
                  200040c8    00000014     tasks.obj (.bss:xDelayedTaskList2)
                  200040dc    00000014     tasks.obj (.bss:xPendingReadyList)
                  200040f0    00000014     tasks.obj (.bss:xSuspendedTaskList)
                  20004104    00000014     tasks.obj (.bss:xTasksWaitingTermination)
                  20004118    00000008     tasks.obj (.bss)
                  20004120    00000008     timers.obj (.bss)
                  20004128    00000008     heap_2.obj (.bss:xEnd)
                  20004130    00000008     heap_2.obj (.bss:xStart)
                  20004138    00000004     (.common:xDiagnostic)
                  2000413c    00000004     (.common:xEventGroupForButtons)
                  20004140    00000004     (.common:xEventGroupForDisplayTask)
                  20004144    00000004     (.common:xEventGroupForHeatingControlTask)
                  20004148    00000004     (.common:xEventGroupForMeasurementTask)
                  2000414c    00000004     (.common:xLeds)
                  20004150    00000004     (.common:xMutexDriverControl)
                  20004154    00000004     (.common:xMutexDriverControlSeatTemperature)
                  20004158    00000004     (.common:xMutexDriverSensingTemperature)
                  2000415c    00000004     (.common:xMutexPassengerControl)
                  20004160    00000004     (.common:xMutexPassengerControlSeatTemperature)
                  20004164    00000004     (.common:xMutexPassengerSensingTemperature)
                  20004168    00000004     (.common:xTempToDig)
                  2000416c    00000004     (.common:xvButtonControlTask)
                  20004170    00000004     (.common:xvDiagnosticsTask)
                  20004174    00000004     (.common:xvDisplay)
                  20004178    00000004     (.common:xvHeatingControlTask)
                  2000417c    00000004     (.common:xvLedControlTask)
                  20004180    00000004     (.common:xvRunTimeMeasurementsTask)
                  20004184    00000004     (.common:xvTemperatureSensingTask)

.data      0    20004388    000000a8     UNINITIALIZED
                  20004388    00000048     main.obj (.data)
                  200043d0    0000003c     tasks.obj (.data)
                  2000440c    0000000c     port.obj (.data)
                  20004418    0000000c     timers.obj (.data)
                  20004424    00000008     heap_2.obj (.data)
                  2000442c    00000004     rtsv7M4_T_le_v4SPD16_eabi.lib : errno.c.obj (.data)

.stack     0    20004188    00000200     UNINITIALIZED
                  20004188    00000004     rtsv7M4_T_le_v4SPD16_eabi.lib : boot_cortex_m.c.obj (.stack)
                  2000418c    000001fc     --HOLE--

__llvm_prf_cnts 
*          0    20000000    00000000     UNINITIALIZED

MODULE SUMMARY

       Module                         code    ro data   rw data
       ------                         ----    -------   -------
    .\
       main.obj                       3928    0         152    
       tm4c123gh6pm_startup_ccs.obj   12      620       0      
    +--+------------------------------+-------+---------+---------+
       Total:                         3940    620       152    
                                                               
    .\MCAL\ADC\
       adc.obj                        428     0         0      
    +--+------------------------------+-------+---------+---------+
       Total:                         428     0         0      
                                                               
    .\MCAL\GPIO\
       gpio.obj                       476     0         0      
    +--+------------------------------+-------+---------+---------+
       Total:                         476     0         0      
                                                               
    .\MCAL\GPTM\
       GPTM.obj                       84      0         0      
    +--+------------------------------+-------+---------+---------+
       Total:                         84      0         0      
                                                               
    .\MCAL\Temperatrue Sensor\
       lm35.obj                       76      0         0      
    +--+------------------------------+-------+---------+---------+
       Total:                         76      0         0      
                                                               
    .\MCAL\UART\
       uart0.obj                      456     0         0      
    +--+------------------------------+-------+---------+---------+
       Total:                         456     0         0      
                                                               
    .\Source\
       tasks.obj                      10160   4         308    
       queue.obj                      4166    0         0      
       timers.obj                     2012    0         60     
       event_groups.obj               1392    0         0      
       list.obj                       298     0         0      
    +--+------------------------------+-------+---------+---------+
       Total:                         18028   4         368    
                                                               
    .\Source\portable\CCS\ARM_CM4F\
       port.obj                       692     8         12     
       portasm.obj                    218     0         0      
    +--+------------------------------+-------+---------+---------+
       Total:                         910     8         12     
                                                               
    .\Source\portable\MemMang\
       heap_2.obj                     652     0         16408  
    +--+------------------------------+-------+---------+---------+
       Total:                         652     0         16408  
                                                               
    C:\ti\ccs1271\ccs\tools\compiler\ti-cgt-arm_20.2.7.LTS\lib\rtsv7M4_T_le_v4SPD16_eabi.lib
       _printfi.c.obj                 4851    0         0      
       fd_add_t2.asm.obj              438     0         0      
       fd_div_t2.asm.obj              310     0         0      
       s_scalbn.c.obj                 272     0         0      
       fd_cmp_t2.asm.obj              268     0         0      
       ctype.c.obj                    0       257       0      
       fd_mul_t2.asm.obj              252     0         0      
       memcpy_t2.asm.obj              156     0         0      
       ull_div_t2.asm.obj             150     0         0      
       memset_t2.asm.obj              122     0         0      
       ll_div_t2.asm.obj              110     0         0      
       copy_decompress_lzss.c.obj     104     0         0      
       s_frexp.c.obj                  100     0         0      
       sprintf.c.obj                  98      0         0      
       _ltoa.c.obj                    84      0         0      
       atoi.c.obj                     76      0         0      
       fd_toi_t2.asm.obj              72      0         0      
       autoinit.c.obj                 68      0         0      
       boot_cortex_m.c.obj            52      0         0      
       i_tofd_t2.asm.obj              46      0         0      
       u_tofd_t2.asm.obj              32      0         0      
       memccpy.c.obj                  28      0         0      
       s_copysign.c.obj               26      0         0      
       ll_mul_t2.asm.obj              24      0         0      
       strchr.c.obj                   22      0         0      
       strcpy.c.obj                   20      0         0      
       strlen.c.obj                   20      0         0      
       wcslen.c.obj                   18      0         0      
       copy_decompress_none.c.obj     14      0         0      
       copy_zero_init.c.obj           12      0         0      
       errno.c.obj                    8       0         4      
       exit.c.obj                     4       0         0      
       pre_init.c.obj                 4       0         0      
       div0.asm.obj                   2       0         0      
    +--+------------------------------+-------+---------+---------+
       Total:                         7863    257       4      
                                                               
       Stack:                         0       0         512    
       Linker Generated:              0       58        0      
    +--+------------------------------+-------+---------+---------+
       Grand Total:                   32913   947       17456  


LINKER GENERATED COPY TABLES

__TI_cinit_table @ 00008450 records: 2, size/record: 8, table size: 16
	.data: load addr=00008420, load size=00000016 bytes, run addr=20004388, run size=000000a8 bytes, compression=lzss
	.bss: load addr=00008448, load size=00000008 bytes, run addr=20000000, run size=00004188 bytes, compression=zero_init


LINKER GENERATED HANDLER TABLE

__TI_handler_table @ 00008438 records: 3, size/record: 4, table size: 12
	index: 0, handler: __TI_decompress_lzss
	index: 1, handler: __TI_decompress_none
	index: 2, handler: __TI_zero_init


GLOBAL SYMBOLS: SORTED ALPHABETICALLY BY Name 

address   name                                 
-------   ----                                 
00007035  ADC_Init                             
00007109  ADC_ReadChannel                      
200043a0  ButtonControlTaskExecutiontime       
200043b8  ButtonTotalTime                      
00008309  C$$EXIT                              
00003a65  Delay_MS                             
200043cc  DiagnosticsTotalTime                 
200043b4  DiganosticsControlTaskExecutiontime  
200043a8  DisplayTaskExecutiontime             
200043c4  DisplayTotalTime                     
20004394  Driver_Current_Temperature           
20004398  Driver_Heater                        
2000438c  Driver_Seat_Button_Interrupt_Flag    
000047ed  GPIOPortF_Handler                    
000069ad  GPIO_BlueLedOff                      
00006989  GPIO_BlueLedOn                       
000069d1  GPIO_BlueLedToggle                   
00006909  GPIO_BuiltinButtonsLedsInit          
000069b9  GPIO_GreenLedOff                     
00006995  GPIO_GreenLedOn                      
000069dd  GPIO_GreenLedToggle                  
000069a1  GPIO_RedLedOff                       
0000697d  GPIO_RedLedOn                        
000069c5  GPIO_RedLedToggle                    
000069fd  GPIO_SW1EdgeTriggeredInterruptInit   
000069e9  GPIO_SW1GetState                     
00006a4b  GPIO_SW2EdgeTriggeredInterruptInit   
000069f3  GPIO_SW2GetState                     
00007ef5  GPTM_WTimer0Init                     
00007f25  GPTM_WTimer0Read                     
200043c0  HeatControlTotalTime                 
200043ac  HeatingControlTaskExecutiontime      
0000803d  LM35_getTemperature                  
200043b0  LedControlTaskExecutiontime          
200043c8  LedControlTotalTime                  
20004390  Passenger_Current_Temperature        
2000439c  Passenger_Heater                     
20004388  Passenger_Seat_Button_Interrupt_Flag 
000082e7  ResetISR                             
200043a4  SensingTempTaskExecutiontime         
200043bc  TempsenseTotalTime                   
00006d0b  UART0_Init                           
00006d67  UART0_ReceiveByte                    
00006d4b  UART0_SendByte                       
00006d9d  UART0_SendInteger                    
00006d77  UART0_SendString                     
20004388  __STACK_END                          
00000200  __STACK_SIZE                         
20004388  __STACK_TOP                          
00008450  __TI_CINIT_Base                      
00008460  __TI_CINIT_Limit                     
00008438  __TI_Handler_Table_Base              
00008444  __TI_Handler_Table_Limit             
000080d1  __TI_auto_init_nobinit_nopinit       
00007dcf  __TI_decompress_lzss                 
000082cd  __TI_decompress_none                 
00007f49  __TI_ltoa                            
ffffffff  __TI_pprof_out_hndl                  
000049bd  __TI_printfi                         
ffffffff  __TI_prof_data_size                  
ffffffff  __TI_prof_data_start                 
00000000  __TI_static_base__                   
000082db  __TI_zero_init                       
00007b6d  __aeabi_cdcmpeq                      
00007b6d  __aeabi_cdcmple                      
00007bf3  __aeabi_cdrcmple                     
00008089  __aeabi_d2iz                         
00006e87  __aeabi_dadd                         
0000731d  __aeabi_ddiv                         
000077b1  __aeabi_dmul                         
00006e7d  __aeabi_dsub                         
000082fd  __aeabi_errno_addr                   
000081c9  __aeabi_i2d                          
00003a63  __aeabi_idiv0                        
00003a63  __aeabi_ldiv0                        
00007d61  __aeabi_ldivmod                      
00008265  __aeabi_lmul                         
00007c79  __aeabi_memclr                       
00007c79  __aeabi_memclr4                      
00007c79  __aeabi_memclr8                      
00007a3b  __aeabi_memcpy                       
00007a3b  __aeabi_memcpy4                      
00007a3b  __aeabi_memcpy8                      
00007c7b  __aeabi_memset                       
00007c7b  __aeabi_memset4                      
00007c7b  __aeabi_memset8                      
000081f7  __aeabi_ui2d                         
00007ad7  __aeabi_uldivmod                     
ffffffff  __binit__                            
ffffffff  __c_args__                           
UNDEFED   __mpu_init                           
20004188  __stack                              
20000000  __start___llvm_prf_cnts              
20000000  __stop___llvm_prf_cnts               
00008195  _c_int00_noargs                      
0000830c  _ctypes_                             
UNDEFED   _system_post_cinit                   
00008305  _system_pre_init                     
00008309  abort                                
00007ff1  atoi                                 
ffffffff  binit                                
00008233  copysign                             
00008233  copysignl                            
000006f9  eTaskGetState                        
2000442c  errno                                
00007e39  frexp                                
00007e39  frexpl                               
00000000  g_pfnVectors                         
000076a1  ldexp                                
000076a1  ldexpl                               
00003aa5  main                                 
00008217  memccpy                              
00007a3b  memcpy                               
00007c81  memset                               
00000d9f  pcTaskGetName                        
00005671  pcTimerGetName                       
000065f9  pvPortCalloc                         
0000640d  pvPortMalloc                         
000020a9  pvTaskIncrementMutexHeldCount        
00005ad5  pvTimerGetTimerID                    
200043d0  pxCurrentTCB                         
00006159  pxPortInitialiseStack                
000076a1  scalbn                               
000076a1  scalbnl                              
00008115  sprintf                              
0000827d  strchr                               
00008293  strcpy                               
000082a7  strlen                               
00003779  ucQueueGetQueueType                  
00008410  ulMaxSyscallInterruptPriority        
000078bd  ulPortGetIPSR                        
000020c9  ulTaskGenericNotifyTake              
000028e1  ulTaskGenericNotifyValueClear        
0000611f  uxEventGroupGetNumber                
00007535  uxListRemove                         
00003759  uxQueueGetQueueNumber                
000036ad  uxQueueMessagesWaiting               
0000370b  uxQueueMessagesWaitingFromISR        
000036d7  uxQueueSpacesAvailable               
00000d99  uxTaskGetNumberOfTasks               
00000df9  uxTaskGetSystemState                 
000017b1  uxTaskGetTaskNumber                  
00002087  uxTaskResetEventItemValue            
00005637  uxTimerGetReloadMode                 
00005bb3  uxTimerGetTimerNumber                
00008418  uxTopUsedPriority                    
00003bed  vButtonControlTask                   
000044f5  vDiagnosticsTask                     
00004209  vDisplayTask                         
000060b9  vEventGroupClearBitsCallback         
0000603f  vEventGroupDelete                    
000060a9  vEventGroupSetBitsCallback           
0000613f  vEventGroupSetNumber                 
00003ef5  vHeatingControlTask                  
0000411d  vLedControlTask                      
00007453  vListInitialise                      
00007483  vListInitialiseItem                  
000074cf  vListInsert                          
00007493  vListInsertEnd                       
00007979  vPortEnableVFP                       
0000629d  vPortEndScheduler                    
000062c1  vPortEnterCritical                   
00006303  vPortExitCritical                    
00006533  vPortFree                            
000065f7  vPortInitialiseBlocks                
00007935  vPortSVCHandler                      
00006355  vPortSetupTimerInterrupt             
00007955  vPortStartFirstTask                  
0000636f  vPortValidateInterruptPriority       
00003735  vQueueDelete                         
00003767  vQueueSetQueueNumber                 
00003a07  vQueueWaitForMessageRestricted       
000046e5  vRunTimeMeasurementsTask             
00000699  vTaskDelay                           
000004d5  vTaskDelete                          
00000b97  vTaskEndScheduler                    
000026c9  vTaskGenericNotifyGiveFromISR        
000018b9  vTaskGetInfo                         
00001faf  vTaskGetRunTimeStats                 
000016d1  vTaskInternalSetTimeOutState         
00001e9d  vTaskList                            
000017a5  vTaskMissedYield                     
000012a1  vTaskPlaceOnEventList                
0000137d  vTaskPlaceOnEventListRestricted      
000012d9  vTaskPlaceOnUnorderedEventList       
00001d0d  vTaskPriorityDisinheritAfterTimeout  
00001565  vTaskRemoveFromUnorderedEventList    
00000941  vTaskResume                          
00001115  vTaskSetApplicationTaskTag           
000017d5  vTaskSetTaskNumber                   
0000169f  vTaskSetTimeOutState                 
00000b1d  vTaskStartScheduler                  
000007dd  vTaskSuspend                         
00000bb3  vTaskSuspendAll                      
000011ed  vTaskSwitchContext                   
00003e15  vTemperatureSensingTask              
000055b1  vTimerSetReloadMode                  
00005b03  vTimerSetTimerID                     
00005bc1  vTimerSetTimerNumber                 
000082bb  wcslen                               
20004138  xDiagnostic                          
00005e9b  xEventGroupClearBits                 
00005ef9  xEventGroupClearBitsFromISR          
00005be9  xEventGroupCreate                    
2000413c  xEventGroupForButtons                
20004140  xEventGroupForDisplayTask            
20004144  xEventGroupForHeatingControlTask     
20004148  xEventGroupForMeasurementTask        
00005f11  xEventGroupGetBitsFromISR            
00005f45  xEventGroupSetBits                   
000060ff  xEventGroupSetBitsFromISR            
00005c09  xEventGroupSync                      
00005d3b  xEventGroupWaitBits                  
2000414c  xLeds                                
20004150  xMutexDriverControl                  
20004154  xMutexDriverControlSeatTemperature   
20004158  xMutexDriverSensingTemperature       
2000415c  xMutexPassengerControl               
20004160  xMutexPassengerControlSeatTemperature
20004164  xMutexPassengerSensingTemperature    
000065f1  xPortGetFreeHeapSize                 
000078d5  xPortPendSVHandler                   
000061e5  xPortStartScheduler                  
0000632f  xPortSysTickHandler                  
00002c0d  xQueueCreateMutex                    
00002b1d  xQueueGenericCreate                  
00002a1d  xQueueGenericReset                   
00002c39  xQueueGenericSend                    
00002df1  xQueueGenericSendFromISR             
00002f29  xQueueGiveFromISR                    
00003973  xQueueIsQueueEmptyFromISR            
000039cd  xQueueIsQueueFullFromISR             
00003379  xQueuePeek                           
000035fd  xQueuePeekFromISR                    
0000304d  xQueueReceive                        
000034f7  xQueueReceiveFromISR                 
000031c5  xQueueSemaphoreTake                  
000011ad  xTaskCallApplicationTaskHook         
00000ed3  xTaskCatchUpTicks                    
000016f9  xTaskCheckForTimeOut                 
0000026d  xTaskCreate                          
000005a9  xTaskDelayUntil                      
0000228d  xTaskGenericNotify                   
00002473  xTaskGenericNotifyFromISR            
00002879  xTaskGenericNotifyStateClear         
00002191  xTaskGenericNotifyWait               
00001145  xTaskGetApplicationTaskTag           
0000116d  xTaskGetApplicationTaskTagFromISR    
00001a81  xTaskGetCurrentTaskHandle            
00001a99  xTaskGetSchedulerState               
00000d6f  xTaskGetTickCount                    
00000d85  xTaskGetTickCountFromISR             
00000f31  xTaskIncrementTick                   
00001bfb  xTaskPriorityDisinherit              
00001ae9  xTaskPriorityInherit                 
000013f9  xTaskRemoveFromEventList             
00000bc9  xTaskResumeAll                       
00000a19  xTaskResumeFromISR                   
20004168  xTempToDig                           
0000544b  xTimerCreate                         
0000540d  xTimerCreateTimerTask                
000054e9  xTimerGenericCommand                 
00005643  xTimerGetExpiryTime                  
0000558b  xTimerGetPeriod                      
000055fb  xTimerGetReloadMode                  
00005569  xTimerGetTimerDaemonTaskHandle       
00005a99  xTimerIsTimerActive                  
00005b67  xTimerPendFunctionCall               
00005b31  xTimerPendFunctionCallFromISR        
2000416c  xvButtonControlTask                  
20004170  xvDiagnosticsTask                    
20004174  xvDisplay                            
20004178  xvHeatingControlTask                 
2000417c  xvLedControlTask                     
20004180  xvRunTimeMeasurementsTask            
20004184  xvTemperatureSensingTask             


GLOBAL SYMBOLS: SORTED BY Symbol Address 

address   name                                 
-------   ----                                 
00000000  __TI_static_base__                   
00000000  g_pfnVectors                         
00000200  __STACK_SIZE                         
0000026d  xTaskCreate                          
000004d5  vTaskDelete                          
000005a9  xTaskDelayUntil                      
00000699  vTaskDelay                           
000006f9  eTaskGetState                        
000007dd  vTaskSuspend                         
00000941  vTaskResume                          
00000a19  xTaskResumeFromISR                   
00000b1d  vTaskStartScheduler                  
00000b97  vTaskEndScheduler                    
00000bb3  vTaskSuspendAll                      
00000bc9  xTaskResumeAll                       
00000d6f  xTaskGetTickCount                    
00000d85  xTaskGetTickCountFromISR             
00000d99  uxTaskGetNumberOfTasks               
00000d9f  pcTaskGetName                        
00000df9  uxTaskGetSystemState                 
00000ed3  xTaskCatchUpTicks                    
00000f31  xTaskIncrementTick                   
00001115  vTaskSetApplicationTaskTag           
00001145  xTaskGetApplicationTaskTag           
0000116d  xTaskGetApplicationTaskTagFromISR    
000011ad  xTaskCallApplicationTaskHook         
000011ed  vTaskSwitchContext                   
000012a1  vTaskPlaceOnEventList                
000012d9  vTaskPlaceOnUnorderedEventList       
0000137d  vTaskPlaceOnEventListRestricted      
000013f9  xTaskRemoveFromEventList             
00001565  vTaskRemoveFromUnorderedEventList    
0000169f  vTaskSetTimeOutState                 
000016d1  vTaskInternalSetTimeOutState         
000016f9  xTaskCheckForTimeOut                 
000017a5  vTaskMissedYield                     
000017b1  uxTaskGetTaskNumber                  
000017d5  vTaskSetTaskNumber                   
000018b9  vTaskGetInfo                         
00001a81  xTaskGetCurrentTaskHandle            
00001a99  xTaskGetSchedulerState               
00001ae9  xTaskPriorityInherit                 
00001bfb  xTaskPriorityDisinherit              
00001d0d  vTaskPriorityDisinheritAfterTimeout  
00001e9d  vTaskList                            
00001faf  vTaskGetRunTimeStats                 
00002087  uxTaskResetEventItemValue            
000020a9  pvTaskIncrementMutexHeldCount        
000020c9  ulTaskGenericNotifyTake              
00002191  xTaskGenericNotifyWait               
0000228d  xTaskGenericNotify                   
00002473  xTaskGenericNotifyFromISR            
000026c9  vTaskGenericNotifyGiveFromISR        
00002879  xTaskGenericNotifyStateClear         
000028e1  ulTaskGenericNotifyValueClear        
00002a1d  xQueueGenericReset                   
00002b1d  xQueueGenericCreate                  
00002c0d  xQueueCreateMutex                    
00002c39  xQueueGenericSend                    
00002df1  xQueueGenericSendFromISR             
00002f29  xQueueGiveFromISR                    
0000304d  xQueueReceive                        
000031c5  xQueueSemaphoreTake                  
00003379  xQueuePeek                           
000034f7  xQueueReceiveFromISR                 
000035fd  xQueuePeekFromISR                    
000036ad  uxQueueMessagesWaiting               
000036d7  uxQueueSpacesAvailable               
0000370b  uxQueueMessagesWaitingFromISR        
00003735  vQueueDelete                         
00003759  uxQueueGetQueueNumber                
00003767  vQueueSetQueueNumber                 
00003779  ucQueueGetQueueType                  
00003973  xQueueIsQueueEmptyFromISR            
000039cd  xQueueIsQueueFullFromISR             
00003a07  vQueueWaitForMessageRestricted       
00003a63  __aeabi_idiv0                        
00003a63  __aeabi_ldiv0                        
00003a65  Delay_MS                             
00003aa5  main                                 
00003bed  vButtonControlTask                   
00003e15  vTemperatureSensingTask              
00003ef5  vHeatingControlTask                  
0000411d  vLedControlTask                      
00004209  vDisplayTask                         
000044f5  vDiagnosticsTask                     
000046e5  vRunTimeMeasurementsTask             
000047ed  GPIOPortF_Handler                    
000049bd  __TI_printfi                         
0000540d  xTimerCreateTimerTask                
0000544b  xTimerCreate                         
000054e9  xTimerGenericCommand                 
00005569  xTimerGetTimerDaemonTaskHandle       
0000558b  xTimerGetPeriod                      
000055b1  vTimerSetReloadMode                  
000055fb  xTimerGetReloadMode                  
00005637  uxTimerGetReloadMode                 
00005643  xTimerGetExpiryTime                  
00005671  pcTimerGetName                       
00005a99  xTimerIsTimerActive                  
00005ad5  pvTimerGetTimerID                    
00005b03  vTimerSetTimerID                     
00005b31  xTimerPendFunctionCallFromISR        
00005b67  xTimerPendFunctionCall               
00005bb3  uxTimerGetTimerNumber                
00005bc1  vTimerSetTimerNumber                 
00005be9  xEventGroupCreate                    
00005c09  xEventGroupSync                      
00005d3b  xEventGroupWaitBits                  
00005e9b  xEventGroupClearBits                 
00005ef9  xEventGroupClearBitsFromISR          
00005f11  xEventGroupGetBitsFromISR            
00005f45  xEventGroupSetBits                   
0000603f  vEventGroupDelete                    
000060a9  vEventGroupSetBitsCallback           
000060b9  vEventGroupClearBitsCallback         
000060ff  xEventGroupSetBitsFromISR            
0000611f  uxEventGroupGetNumber                
0000613f  vEventGroupSetNumber                 
00006159  pxPortInitialiseStack                
000061e5  xPortStartScheduler                  
0000629d  vPortEndScheduler                    
000062c1  vPortEnterCritical                   
00006303  vPortExitCritical                    
0000632f  xPortSysTickHandler                  
00006355  vPortSetupTimerInterrupt             
0000636f  vPortValidateInterruptPriority       
0000640d  pvPortMalloc                         
00006533  vPortFree                            
000065f1  xPortGetFreeHeapSize                 
000065f7  vPortInitialiseBlocks                
000065f9  pvPortCalloc                         
00006909  GPIO_BuiltinButtonsLedsInit          
0000697d  GPIO_RedLedOn                        
00006989  GPIO_BlueLedOn                       
00006995  GPIO_GreenLedOn                      
000069a1  GPIO_RedLedOff                       
000069ad  GPIO_BlueLedOff                      
000069b9  GPIO_GreenLedOff                     
000069c5  GPIO_RedLedToggle                    
000069d1  GPIO_BlueLedToggle                   
000069dd  GPIO_GreenLedToggle                  
000069e9  GPIO_SW1GetState                     
000069f3  GPIO_SW2GetState                     
000069fd  GPIO_SW1EdgeTriggeredInterruptInit   
00006a4b  GPIO_SW2EdgeTriggeredInterruptInit   
00006d0b  UART0_Init                           
00006d4b  UART0_SendByte                       
00006d67  UART0_ReceiveByte                    
00006d77  UART0_SendString                     
00006d9d  UART0_SendInteger                    
00006e7d  __aeabi_dsub                         
00006e87  __aeabi_dadd                         
00007035  ADC_Init                             
00007109  ADC_ReadChannel                      
0000731d  __aeabi_ddiv                         
00007453  vListInitialise                      
00007483  vListInitialiseItem                  
00007493  vListInsertEnd                       
000074cf  vListInsert                          
00007535  uxListRemove                         
000076a1  ldexp                                
000076a1  ldexpl                               
000076a1  scalbn                               
000076a1  scalbnl                              
000077b1  __aeabi_dmul                         
000078bd  ulPortGetIPSR                        
000078d5  xPortPendSVHandler                   
00007935  vPortSVCHandler                      
00007955  vPortStartFirstTask                  
00007979  vPortEnableVFP                       
00007a3b  __aeabi_memcpy                       
00007a3b  __aeabi_memcpy4                      
00007a3b  __aeabi_memcpy8                      
00007a3b  memcpy                               
00007ad7  __aeabi_uldivmod                     
00007b6d  __aeabi_cdcmpeq                      
00007b6d  __aeabi_cdcmple                      
00007bf3  __aeabi_cdrcmple                     
00007c79  __aeabi_memclr                       
00007c79  __aeabi_memclr4                      
00007c79  __aeabi_memclr8                      
00007c7b  __aeabi_memset                       
00007c7b  __aeabi_memset4                      
00007c7b  __aeabi_memset8                      
00007c81  memset                               
00007d61  __aeabi_ldivmod                      
00007dcf  __TI_decompress_lzss                 
00007e39  frexp                                
00007e39  frexpl                               
00007ef5  GPTM_WTimer0Init                     
00007f25  GPTM_WTimer0Read                     
00007f49  __TI_ltoa                            
00007ff1  atoi                                 
0000803d  LM35_getTemperature                  
00008089  __aeabi_d2iz                         
000080d1  __TI_auto_init_nobinit_nopinit       
00008115  sprintf                              
00008195  _c_int00_noargs                      
000081c9  __aeabi_i2d                          
000081f7  __aeabi_ui2d                         
00008217  memccpy                              
00008233  copysign                             
00008233  copysignl                            
00008265  __aeabi_lmul                         
0000827d  strchr                               
00008293  strcpy                               
000082a7  strlen                               
000082bb  wcslen                               
000082cd  __TI_decompress_none                 
000082db  __TI_zero_init                       
000082e7  ResetISR                             
000082fd  __aeabi_errno_addr                   
00008305  _system_pre_init                     
00008309  C$$EXIT                              
00008309  abort                                
0000830c  _ctypes_                             
00008410  ulMaxSyscallInterruptPriority        
00008418  uxTopUsedPriority                    
00008438  __TI_Handler_Table_Base              
00008444  __TI_Handler_Table_Limit             
00008450  __TI_CINIT_Base                      
00008460  __TI_CINIT_Limit                     
20000000  __start___llvm_prf_cnts              
20000000  __stop___llvm_prf_cnts               
20004138  xDiagnostic                          
2000413c  xEventGroupForButtons                
20004140  xEventGroupForDisplayTask            
20004144  xEventGroupForHeatingControlTask     
20004148  xEventGroupForMeasurementTask        
2000414c  xLeds                                
20004150  xMutexDriverControl                  
20004154  xMutexDriverControlSeatTemperature   
20004158  xMutexDriverSensingTemperature       
2000415c  xMutexPassengerControl               
20004160  xMutexPassengerControlSeatTemperature
20004164  xMutexPassengerSensingTemperature    
20004168  xTempToDig                           
2000416c  xvButtonControlTask                  
20004170  xvDiagnosticsTask                    
20004174  xvDisplay                            
20004178  xvHeatingControlTask                 
2000417c  xvLedControlTask                     
20004180  xvRunTimeMeasurementsTask            
20004184  xvTemperatureSensingTask             
20004188  __stack                              
20004388  Passenger_Seat_Button_Interrupt_Flag 
20004388  __STACK_END                          
20004388  __STACK_TOP                          
2000438c  Driver_Seat_Button_Interrupt_Flag    
20004390  Passenger_Current_Temperature        
20004394  Driver_Current_Temperature           
20004398  Driver_Heater                        
2000439c  Passenger_Heater                     
200043a0  ButtonControlTaskExecutiontime       
200043a4  SensingTempTaskExecutiontime         
200043a8  DisplayTaskExecutiontime             
200043ac  HeatingControlTaskExecutiontime      
200043b0  LedControlTaskExecutiontime          
200043b4  DiganosticsControlTaskExecutiontime  
200043b8  ButtonTotalTime                      
200043bc  TempsenseTotalTime                   
200043c0  HeatControlTotalTime                 
200043c4  DisplayTotalTime                     
200043c8  LedControlTotalTime                  
200043cc  DiagnosticsTotalTime                 
200043d0  pxCurrentTCB                         
2000442c  errno                                
ffffffff  __TI_pprof_out_hndl                  
ffffffff  __TI_prof_data_size                  
ffffffff  __TI_prof_data_start                 
ffffffff  __binit__                            
ffffffff  __c_args__                           
ffffffff  binit                                
UNDEFED   __mpu_init                           
UNDEFED   _system_post_cinit                   

[276 symbols]
